[2026.01.19 11:40:19] [INFO] Adatbázis kapcsolat sikeresen megnyitva.
[2026.01.19 11:40:19] [WARNING] Sikertelen bejelentkezési kísérlet: a
[2026.01.19 11:40:21] [INFO] Adatbázis kapcsolat lezárva.
[2026.01.19 11:40:21] [INFO] FBConnectX erőforrások felszabadítva (Dispose).
[2026.01.19 13:44:22] [INFO] Adatbázis kapcsolat sikeresen megnyitva.
[2026.01.19 13:44:22] [INFO] SelectSQL_FirstRow sikeres. SQL: select upssw, isadmin from eusers where uname = @uname and uactive='I'
[2026.01.19 13:44:22] [INFO] Sikeres bejelentkezés: b
[2026.01.19 13:44:28] [INFO] Adatbázis kapcsolat lezárva.
[2026.01.19 13:44:28] [INFO] FBConnectX erőforrások felszabadítva (Dispose).
[2026.01.19 14:00:26] [INFO] Adatbázis kapcsolat sikeresen megnyitva.
[2026.01.19 14:00:26] [INFO] SelectSQL_FirstRow sikeres. SQL: select upssw, isadmin from eusers where uname = @uname and uactive='I'
[2026.01.19 14:00:26] [INFO] Sikeres bejelentkezés: b
[2026.01.19 14:00:37] [INFO] Adatbázis kapcsolat sikeresen megnyitva.
[2026.01.19 14:00:37] [ERROR] TableBaseClass.InternalGetList hiba. SQL: SELECT h.*, c.NAME as CLIENT_NAME FROM INVOICE_HEADERS h LEFT JOIN CLIENTS c ON h.CLIENT_ID = c.ID WHERE 1=1  AND h.ISSUE_DATE >= '2026-01-18' AND h.ISSUE_DATE <= '2026-01-19 23:59:59' ORDER BY h.ID DESC: conversion error from string "2026-01-19 23:59:59"
Stack Trace:    a következő helyen: FirebirdSql.Data.FirebirdClient.FbCommand.ExecuteReader(CommandBehavior behavior)
   a következő helyen: FirebirdSql.Data.FirebirdClient.FbCommand.ExecuteReader()
   a következő helyen: Ecoinv.BL.TableBaseClass.InternalGetList[T](String sql, FBConnectX conn) hely: C:\Users\prozs\source\repos\Ecoinv\BL\TableBaseClass.cs, sor: 71
[2026.01.19 14:00:37] [ERROR] Számla keresési hiba: conversion error from string "2026-01-19 23:59:59"
Stack Trace:    a következő helyen: FirebirdSql.Data.FirebirdClient.FbCommand.ExecuteReader(CommandBehavior behavior)
   a következő helyen: FirebirdSql.Data.FirebirdClient.FbCommand.ExecuteReader()
   a következő helyen: Ecoinv.BL.TableBaseClass.InternalGetList[T](String sql, FBConnectX conn) hely: C:\Users\prozs\source\repos\Ecoinv\BL\TableBaseClass.cs, sor: 83
   a következő helyen: Ecoinv.BL.TableBaseClass.GetListBase[T](String selectSQL, FBConnectX conn) hely: C:\Users\prozs\source\repos\Ecoinv\BL\TableBaseClass.cs, sor: 49
   a következő helyen: Ecoinv.BL.INVOICE_HEADERSTable.SearchInvoices(FBConnectX conn, String clientName, String invoiceNumber, Nullable`1 fromDate, Nullable`1 toDate, String statusCode) hely: C:\Users\prozs\source\repos\Ecoinv\BL\INVOICE_HEADERS.cs, sor: 134
   a következő helyen: Ecoinv.DataContext.SEARCHINVOICEDataContext.DoSearch() hely: C:\Users\prozs\source\repos\Ecoinv\DataContext\SEARCHINVOICEDataContext.cs, sor: 88
[2026.01.19 14:02:00] [INFO] Adatbázis kapcsolat lezárva.
[2026.01.19 14:02:00] [INFO] FBConnectX erőforrások felszabadítva (Dispose).
[2026.01.19 14:08:56] [INFO] Adatbázis kapcsolat sikeresen megnyitva.
[2026.01.19 14:08:56] [INFO] SelectSQL_FirstRow sikeres. SQL: select upssw, isadmin from eusers where uname = @uname and uactive='I'
[2026.01.19 14:08:56] [INFO] Sikeres bejelentkezés: b
[2026.01.19 14:09:05] [INFO] Adatbázis kapcsolat sikeresen megnyitva.
[2026.01.19 14:09:05] [INFO] Adatbázis kapcsolat lezárva.
[2026.01.19 14:09:05] [INFO] FBConnectX erőforrások felszabadítva (Dispose).
[2026.01.19 14:09:12] [INFO] Adatbázis kapcsolat lezárva.
[2026.01.19 14:09:12] [INFO] FBConnectX erőforrások felszabadítva (Dispose).
[2026.01.19 14:11:36] [INFO] Adatbázis kapcsolat sikeresen megnyitva.
[2026.01.19 14:11:36] [INFO] SelectSQL_FirstRow sikeres. SQL: select upssw, isadmin from eusers where uname = @uname and uactive='I'
[2026.01.19 14:11:36] [INFO] Sikeres bejelentkezés: b
[2026.01.19 14:11:46] [INFO] Adatbázis kapcsolat sikeresen megnyitva.
[2026.01.19 14:11:48] [INFO] Adatbázis kapcsolat lezárva.
[2026.01.19 14:11:48] [INFO] FBConnectX erőforrások felszabadítva (Dispose).
[2026.01.19 14:11:54] [INFO] Adatbázis kapcsolat sikeresen megnyitva.
[2026.01.19 14:11:54] [INFO] Adatbázis kapcsolat lezárva.
[2026.01.19 14:11:54] [INFO] FBConnectX erőforrások felszabadítva (Dispose).
[2026.01.19 14:12:01] [INFO] Adatbázis kapcsolat lezárva.
[2026.01.19 14:12:01] [INFO] FBConnectX erőforrások felszabadítva (Dispose).
[2026.01.20 14:45:10] [INFO] Adatbázis kapcsolat sikeresen megnyitva.
[2026.01.20 14:45:10] [INFO] SelectSQL_FirstRow sikeres. SQL: select upssw, isadmin from eusers where uname = @uname and uactive='I'
[2026.01.20 14:45:10] [INFO] Sikeres bejelentkezés: b
[2026.01.20 14:45:18] [INFO] Adatbázis kapcsolat sikeresen megnyitva.
[2026.01.20 14:45:18] [INFO] Adatbázis kapcsolat lezárva.
[2026.01.20 14:45:18] [INFO] FBConnectX erőforrások felszabadítva (Dispose).
[2026.01.20 14:45:18] [INFO] Adatbázis kapcsolat sikeresen megnyitva.
[2026.01.20 14:45:18] [INFO] Adatbázis kapcsolat lezárva.
[2026.01.20 14:45:18] [INFO] FBConnectX erőforrások felszabadítva (Dispose).
[2026.01.20 14:45:24] [INFO] Adatbázis kapcsolat sikeresen megnyitva.
[2026.01.20 14:45:24] [INFO] Adatbázis kapcsolat lezárva.
[2026.01.20 14:45:24] [INFO] FBConnectX erőforrások felszabadítva (Dispose).
[2026.01.20 14:45:43] [INFO] Adatbázis kapcsolat lezárva.
[2026.01.20 14:45:43] [INFO] FBConnectX erőforrások felszabadítva (Dispose).
[2026.01.20 15:12:51] [INFO] Adatbázis kapcsolat sikeresen megnyitva.
[2026.01.20 15:12:51] [INFO] SelectSQL_FirstRow sikeres. SQL: select upssw, isadmin from eusers where uname = @uname and uactive='I'
[2026.01.20 15:12:51] [INFO] Sikeres bejelentkezés: fbe
[2026.01.20 15:12:54] [INFO] Adatbázis kapcsolat sikeresen megnyitva.
[2026.01.20 15:12:54] [INFO] Adatbázis kapcsolat lezárva.
[2026.01.20 15:12:54] [INFO] FBConnectX erőforrások felszabadítva (Dispose).
[2026.01.20 15:12:54] [INFO] Adatbázis kapcsolat sikeresen megnyitva.
[2026.01.20 15:12:54] [INFO] Adatbázis kapcsolat lezárva.
[2026.01.20 15:12:54] [INFO] FBConnectX erőforrások felszabadítva (Dispose).
[2026.01.20 15:13:20] [INFO] Adatbázis kapcsolat sikeresen megnyitva.
[2026.01.20 15:13:20] [INFO] SelectSQL_FirstRow sikeres. SQL: select upssw, isadmin from eusers where uname = @uname and uactive='I'
[2026.01.20 15:13:20] [INFO] Sikeres bejelentkezés: ADMIN
[2026.01.20 15:13:22] [INFO] Adatbázis kapcsolat sikeresen megnyitva.
[2026.01.20 15:13:22] [INFO] Adatbázis kapcsolat lezárva.
[2026.01.20 15:13:22] [INFO] FBConnectX erőforrások felszabadítva (Dispose).
[2026.01.20 15:13:22] [INFO] Adatbázis kapcsolat sikeresen megnyitva.
[2026.01.20 15:13:22] [INFO] Adatbázis kapcsolat lezárva.
[2026.01.20 15:13:22] [INFO] FBConnectX erőforrások felszabadítva (Dispose).
[2026.01.20 18:24:30] [INFO] Adatbázis kapcsolat sikeresen megnyitva.
[2026.01.20 18:24:30] [INFO] SelectSQL_FirstRow sikeres. SQL: select upssw, isadmin from eusers where uname = @uname and uactive='I'
[2026.01.20 18:24:30] [INFO] Sikeres bejelentkezés: b
[2026.01.20 18:24:51] [INFO] Adatbázis kapcsolat sikeresen megnyitva.
[2026.01.20 18:24:51] [INFO] Adatbázis kapcsolat lezárva.
[2026.01.20 18:24:51] [INFO] FBConnectX erőforrások felszabadítva (Dispose).
[2026.01.20 18:24:51] [INFO] Adatbázis kapcsolat sikeresen megnyitva.
[2026.01.20 18:24:51] [INFO] Adatbázis kapcsolat lezárva.
[2026.01.20 18:24:51] [INFO] FBConnectX erőforrások felszabadítva (Dispose).
[2026.01.20 18:24:57] [INFO] Adatbázis kapcsolat sikeresen megnyitva.
[2026.01.20 18:24:57] [INFO] Adatbázis kapcsolat lezárva.
[2026.01.20 18:24:57] [INFO] FBConnectX erőforrások felszabadítva (Dispose).
[2026.01.20 18:25:09] [INFO] Adatbázis kapcsolat lezárva.
[2026.01.20 18:25:09] [INFO] FBConnectX erőforrások felszabadítva (Dispose).
[2026.01.20 18:26:36] [INFO] Adatbázis kapcsolat sikeresen megnyitva.
[2026.01.20 18:26:36] [INFO] SelectSQL_FirstRow sikeres. SQL: select upssw, isadmin from eusers where uname = @uname and uactive='I'
[2026.01.20 18:26:36] [INFO] Sikeres bejelentkezés: b
[2026.01.20 18:26:44] [INFO] Adatbázis kapcsolat sikeresen megnyitva.
[2026.01.20 18:26:44] [INFO] Adatbázis kapcsolat lezárva.
[2026.01.20 18:26:44] [INFO] FBConnectX erőforrások felszabadítva (Dispose).
[2026.01.20 18:26:44] [INFO] Adatbázis kapcsolat sikeresen megnyitva.
[2026.01.20 18:26:44] [INFO] Adatbázis kapcsolat lezárva.
[2026.01.20 18:26:44] [INFO] FBConnectX erőforrások felszabadítva (Dispose).
[2026.01.20 18:27:49] [INFO] Adatbázis kapcsolat sikeresen megnyitva.
[2026.01.20 18:27:51] [INFO] Adatbázis kapcsolat lezárva.
[2026.01.20 18:27:51] [INFO] FBConnectX erőforrások felszabadítva (Dispose).
[2026.01.20 18:27:57] [INFO] Adatbázis kapcsolat sikeresen megnyitva.
[2026.01.20 18:27:57] [INFO] Adatbázis kapcsolat lezárva.
[2026.01.20 18:27:57] [INFO] FBConnectX erőforrások felszabadítva (Dispose).
[2026.01.20 18:28:11] [INFO] Adatbázis kapcsolat lezárva.
[2026.01.20 18:28:11] [INFO] FBConnectX erőforrások felszabadítva (Dispose).
[2026.01.20 18:28:22] [INFO] Adatbázis kapcsolat sikeresen megnyitva.
[2026.01.20 18:28:22] [INFO] SelectSQL_FirstRow sikeres. SQL: select upssw, isadmin from eusers where uname = @uname and uactive='I'
[2026.01.20 18:28:22] [INFO] Sikeres bejelentkezés: ADMIN
[2026.01.20 18:28:24] [INFO] Adatbázis kapcsolat sikeresen megnyitva.
[2026.01.20 18:28:24] [INFO] Adatbázis kapcsolat lezárva.
[2026.01.20 18:28:24] [INFO] FBConnectX erőforrások felszabadítva (Dispose).
[2026.01.20 18:28:24] [INFO] Adatbázis kapcsolat sikeresen megnyitva.
[2026.01.20 18:28:24] [INFO] Adatbázis kapcsolat lezárva.
[2026.01.20 18:28:24] [INFO] FBConnectX erőforrások felszabadítva (Dispose).
[2026.01.20 18:37:20] [INFO] Adatbázis kapcsolat sikeresen megnyitva.
[2026.01.20 18:37:20] [INFO] SelectSQL_FirstRow sikeres. SQL: select upssw, isadmin from eusers where uname = @uname and uactive='I'
[2026.01.20 18:37:20] [INFO] Sikeres bejelentkezés: ADMIN
[2026.01.20 18:37:21] [INFO] Adatbázis kapcsolat sikeresen megnyitva.
[2026.01.20 18:37:21] [INFO] Adatbázis kapcsolat lezárva.
[2026.01.20 18:37:21] [INFO] FBConnectX erőforrások felszabadítva (Dispose).
[2026.01.20 18:37:21] [INFO] Adatbázis kapcsolat sikeresen megnyitva.
[2026.01.20 18:37:21] [INFO] Adatbázis kapcsolat lezárva.
[2026.01.20 18:37:21] [INFO] FBConnectX erőforrások felszabadítva (Dispose).
[2026.01.20 18:57:58] [INFO] Adatbázis kapcsolat sikeresen megnyitva.
[2026.01.20 18:57:58] [INFO] SelectSQL_FirstRow sikeres. SQL: select upssw, isadmin from eusers where uname = @uname and uactive='I'
[2026.01.20 18:57:58] [INFO] Sikeres bejelentkezés: fbe
[2026.01.20 18:57:59] [INFO] Adatbázis kapcsolat sikeresen megnyitva.
[2026.01.20 18:57:59] [INFO] Adatbázis kapcsolat lezárva.
[2026.01.20 18:57:59] [INFO] FBConnectX erőforrások felszabadítva (Dispose).
[2026.01.20 18:57:59] [INFO] Adatbázis kapcsolat sikeresen megnyitva.
[2026.01.20 18:57:59] [INFO] Adatbázis kapcsolat lezárva.
[2026.01.20 18:57:59] [INFO] FBConnectX erőforrások felszabadítva (Dispose).
[2026.01.20 18:58:00] [INFO] Adatbázis kapcsolat sikeresen megnyitva.
[2026.01.20 18:58:00] [INFO] Adatbázis kapcsolat lezárva.
[2026.01.20 18:58:00] [INFO] FBConnectX erőforrások felszabadítva (Dispose).
[2026.01.20 18:58:03] [INFO] Adatbázis kapcsolat sikeresen megnyitva.
[2026.01.20 18:58:03] [INFO] Adatbázis kapcsolat lezárva.
[2026.01.20 18:58:03] [INFO] FBConnectX erőforrások felszabadítva (Dispose).
[2026.01.20 18:58:05] [INFO] Adatbázis kapcsolat sikeresen megnyitva.
[2026.01.20 18:58:05] [INFO] Adatbázis kapcsolat lezárva.
[2026.01.20 18:58:05] [INFO] FBConnectX erőforrások felszabadítva (Dispose).
[2026.01.20 18:58:38] [INFO] Adatbázis kapcsolat sikeresen megnyitva.
[2026.01.20 18:58:38] [INFO] Számla mentése indítva. Sorszám: 120/1
[2026.01.20 18:58:38] [INFO] INSERT sikeres: INSERT INTO INVOICE_HEADERS (ID, CLIENT_ID, INVOICE_NUMBER, ISSUE_DATE, DUE_DATE, CREATED, PAYMENT_METHOD, SZLASTAT, FIZSTAT, STORNO_ID) VALUES (67, 15, '120/1', '2026-01-20', '2026-02-03', '2026-01-20 18:58:38', 'Készpénz', '1', '0', '0')
[2026.01.20 18:58:38] [INFO] INSERT sikeres: INSERT INTO INVOICE_DETAILS (ID, INVOICEHEADERS_ID, SERVICES_ID, VATRATE_ID, QTY, NET_UNIT_PRICE, VAT_PERCENT, LINE_TOTAL_NET, VAT_AMOUNT, LINE_TOTAL_GROSS) VALUES (63, 67, 21, 5, 1, 120, 20, 120, 24, 144)
[2026.01.20 18:58:38] [INFO] Számla mentése sikeres.
[2026.01.20 18:58:40] [INFO] Adatbázis kapcsolat sikeresen megnyitva.
[2026.01.20 18:58:45] [INFO] Adatbázis kapcsolat lezárva.
[2026.01.20 18:58:45] [INFO] FBConnectX erőforrások felszabadítva (Dispose).
[2026.01.20 18:58:45] [INFO] Adatbázis kapcsolat lezárva.
[2026.01.20 18:58:45] [INFO] FBConnectX erőforrások felszabadítva (Dispose).
[2026.01.20 18:59:26] [INFO] Adatbázis kapcsolat sikeresen megnyitva.
[2026.01.20 18:59:26] [INFO] Adatbázis kapcsolat lezárva.
[2026.01.20 18:59:26] [INFO] FBConnectX erőforrások felszabadítva (Dispose).
[2026.01.20 18:59:32] [INFO] Adatbázis kapcsolat sikeresen megnyitva.
[2026.01.20 18:59:32] [INFO] Sztornózás indítása. Eredeti ID: 67
[2026.01.20 18:59:32] [INFO] UPDATE sikeres: UPDATE INVOICE_HEADERS SET SZLASTAT = '2' WHERE ID = 67
[2026.01.20 18:59:32] [INFO] INSERT sikeres: INSERT INTO INVOICE_HEADERS (ID, CLIENT_ID, INVOICE_NUMBER, ISSUE_DATE, DUE_DATE, CREATED, PAYMENT_METHOD, SZLASTAT, FIZSTAT, STORNO_ID) VALUES (68, 15, 'ST-120/1', '2026-01-20', '2026-01-20', '2026-01-20 18:59:32', 'Készpénz', '2', '1', '67')
[2026.01.20 18:59:33] [INFO] INSERT sikeres: INSERT INTO INVOICE_DETAILS (ID, INVOICEHEADERS_ID, SERVICES_ID, VATRATE_ID, QTY, NET_UNIT_PRICE, VAT_PERCENT, LINE_TOTAL_NET, VAT_AMOUNT, LINE_TOTAL_GROSS) VALUES (64, 68, 21, 5, 1, 120, 20, 120, 24, 144)
[2026.01.20 18:59:33] [INFO] Adatbázis kapcsolat sikeresen megnyitva.
[2026.01.20 18:59:33] [INFO] Adatbázis kapcsolat lezárva.
[2026.01.20 18:59:33] [INFO] FBConnectX erőforrások felszabadítva (Dispose).
[2026.01.20 18:59:34] [INFO] Adatbázis kapcsolat sikeresen megnyitva.
[2026.01.20 18:59:40] [INFO] Adatbázis kapcsolat lezárva.
[2026.01.20 18:59:40] [INFO] FBConnectX erőforrások felszabadítva (Dispose).
[2026.01.20 18:59:40] [INFO] Adatbázis kapcsolat lezárva.
[2026.01.20 18:59:40] [INFO] FBConnectX erőforrások felszabadítva (Dispose).
[2026.01.20 19:02:27] [INFO] Adatbázis kapcsolat sikeresen megnyitva.
[2026.01.20 19:02:31] [INFO] Adatbázis kapcsolat lezárva.
[2026.01.20 19:02:31] [INFO] FBConnectX erőforrások felszabadítva (Dispose).
[2026.01.20 19:02:48] [INFO] Adatbázis kapcsolat lezárva.
[2026.01.20 19:02:48] [INFO] FBConnectX erőforrások felszabadítva (Dispose).
[2026.01.20 21:05:53] [INFO] Adatbázis kapcsolat sikeresen megnyitva.
[2026.01.20 21:05:53] [INFO] SelectSQL_FirstRow sikeres. SQL: select upssw, isadmin from eusers where uname = @uname and uactive='I'
[2026.01.20 21:05:53] [INFO] Sikeres bejelentkezés: fbe
[2026.01.20 21:05:54] [INFO] Adatbázis kapcsolat sikeresen megnyitva.
[2026.01.20 21:05:54] [INFO] Adatbázis kapcsolat lezárva.
[2026.01.20 21:05:54] [INFO] FBConnectX erőforrások felszabadítva (Dispose).
[2026.01.20 21:05:54] [INFO] Adatbázis kapcsolat sikeresen megnyitva.
[2026.01.20 21:05:54] [INFO] Adatbázis kapcsolat lezárva.
[2026.01.20 21:05:54] [INFO] FBConnectX erőforrások felszabadítva (Dispose).
[2026.01.20 21:05:55] [INFO] Adatbázis kapcsolat sikeresen megnyitva.
[2026.01.20 21:05:55] [INFO] Adatbázis kapcsolat lezárva.
[2026.01.20 21:05:55] [INFO] FBConnectX erőforrások felszabadítva (Dispose).
[2026.01.20 21:05:57] [INFO] Adatbázis kapcsolat sikeresen megnyitva.
[2026.01.20 21:05:57] [INFO] Adatbázis kapcsolat lezárva.
[2026.01.20 21:05:57] [INFO] FBConnectX erőforrások felszabadítva (Dispose).
[2026.01.20 21:05:58] [INFO] Adatbázis kapcsolat sikeresen megnyitva.
[2026.01.20 21:05:58] [INFO] Adatbázis kapcsolat lezárva.
[2026.01.20 21:05:58] [INFO] FBConnectX erőforrások felszabadítva (Dispose).
[2026.01.20 21:06:15] [INFO] Adatbázis kapcsolat sikeresen megnyitva.
[2026.01.20 21:06:15] [INFO] Adatbázis kapcsolat lezárva.
[2026.01.20 21:06:15] [INFO] FBConnectX erőforrások felszabadítva (Dispose).
[2026.01.20 21:06:15] [INFO] Adatbázis kapcsolat sikeresen megnyitva.
[2026.01.20 21:06:15] [INFO] Adatbázis kapcsolat lezárva.
[2026.01.20 21:06:15] [INFO] FBConnectX erőforrások felszabadítva (Dispose).
[2026.01.20 21:07:13] [INFO] Adatbázis kapcsolat sikeresen megnyitva.
[2026.01.20 21:07:13] [INFO] Adatbázis kapcsolat lezárva.
[2026.01.20 21:07:13] [INFO] FBConnectX erőforrások felszabadítva (Dispose).
[2026.01.20 21:07:15] [INFO] Adatbázis kapcsolat sikeresen megnyitva.
[2026.01.20 21:07:15] [INFO] Adatbázis kapcsolat lezárva.
[2026.01.20 21:07:15] [INFO] FBConnectX erőforrások felszabadítva (Dispose).
[2026.01.20 21:07:34] [INFO] Adatbázis kapcsolat sikeresen megnyitva.
[2026.01.20 21:07:34] [INFO] Adatbázis kapcsolat lezárva.
[2026.01.20 21:07:34] [INFO] FBConnectX erőforrások felszabadítva (Dispose).
[2026.01.20 21:07:34] [INFO] Adatbázis kapcsolat sikeresen megnyitva.
[2026.01.20 21:07:34] [INFO] Adatbázis kapcsolat lezárva.
[2026.01.20 21:07:34] [INFO] FBConnectX erőforrások felszabadítva (Dispose).
[2026.01.20 21:07:34] [INFO] Adatbázis kapcsolat sikeresen megnyitva.
[2026.01.20 21:07:34] [INFO] Adatbázis kapcsolat lezárva.
[2026.01.20 21:07:34] [INFO] FBConnectX erőforrások felszabadítva (Dispose).
[2026.01.20 21:08:13] [INFO] Adatbázis kapcsolat sikeresen megnyitva.
[2026.01.20 21:08:13] [INFO] Számla mentése indítva. Sorszám: 0120/02
[2026.01.20 21:08:13] [INFO] INSERT sikeres: INSERT INTO INVOICE_HEADERS (ID, CLIENT_ID, INVOICE_NUMBER, ISSUE_DATE, DUE_DATE, CREATED, PAYMENT_METHOD, SZLASTAT, FIZSTAT, STORNO_ID) VALUES (69, 22, '0120/02', '2026-01-20', '2026-02-03', '2026-01-20 21:08:13', 'Készpénz', '1', '0', '0')
[2026.01.20 21:08:13] [INFO] INSERT sikeres: INSERT INTO INVOICE_DETAILS (ID, INVOICEHEADERS_ID, SERVICES_ID, VATRATE_ID, QTY, NET_UNIT_PRICE, VAT_PERCENT, LINE_TOTAL_NET, VAT_AMOUNT, LINE_TOTAL_GROSS) VALUES (65, 69, 21, 5, 1, 120, 20, 120, 24, 144)
[2026.01.20 21:08:13] [INFO] INSERT sikeres: INSERT INTO INVOICE_DETAILS (ID, INVOICEHEADERS_ID, SERVICES_ID, VATRATE_ID, QTY, NET_UNIT_PRICE, VAT_PERCENT, LINE_TOTAL_NET, VAT_AMOUNT, LINE_TOTAL_GROSS) VALUES (66, 69, 19, 5, 66, 3, 20, 198, 39.6, 237.6)
[2026.01.20 21:08:13] [INFO] Számla mentése sikeres.
[2026.01.20 21:08:14] [INFO] Adatbázis kapcsolat sikeresen megnyitva.
[2026.01.20 21:08:19] [INFO] Adatbázis kapcsolat lezárva.
[2026.01.20 21:08:19] [INFO] FBConnectX erőforrások felszabadítva (Dispose).
[2026.01.20 21:08:19] [INFO] Adatbázis kapcsolat lezárva.
[2026.01.20 21:08:19] [INFO] FBConnectX erőforrások felszabadítva (Dispose).
[2026.01.20 21:08:31] [INFO] Adatbázis kapcsolat sikeresen megnyitva.
[2026.01.20 21:08:31] [INFO] Adatbázis kapcsolat lezárva.
[2026.01.20 21:08:31] [INFO] FBConnectX erőforrások felszabadítva (Dispose).
[2026.01.20 21:08:43] [INFO] Adatbázis kapcsolat sikeresen megnyitva.
[2026.01.20 21:08:43] [INFO] Sztornózás indítása. Eredeti ID: 51
[2026.01.20 21:08:43] [INFO] UPDATE sikeres: UPDATE INVOICE_HEADERS SET SZLASTAT = '2' WHERE ID = 51
[2026.01.20 21:08:43] [INFO] INSERT sikeres: INSERT INTO INVOICE_HEADERS (ID, CLIENT_ID, INVOICE_NUMBER, ISSUE_DATE, DUE_DATE, CREATED, PAYMENT_METHOD, SZLASTAT, FIZSTAT, STORNO_ID) VALUES (70, 19, 'ST-utfztdhsraewesrhr', '2026-01-20', '2026-01-20', '2026-01-20 21:08:43', 'Készpénz', '2', '1', '51')
[2026.01.20 21:08:43] [INFO] INSERT sikeres: INSERT INTO INVOICE_DETAILS (ID, INVOICEHEADERS_ID, SERVICES_ID, VATRATE_ID, QTY, NET_UNIT_PRICE, VAT_PERCENT, LINE_TOTAL_NET, VAT_AMOUNT, LINE_TOTAL_GROSS) VALUES (67, 70, 20, 5, 1, 10, 20, 10, 2, 12)
[2026.01.20 21:08:43] [INFO] INSERT sikeres: INSERT INTO INVOICE_DETAILS (ID, INVOICEHEADERS_ID, SERVICES_ID, VATRATE_ID, QTY, NET_UNIT_PRICE, VAT_PERCENT, LINE_TOTAL_NET, VAT_AMOUNT, LINE_TOTAL_GROSS) VALUES (68, 70, 10, 5, 11, 5, 20, 55, 11, 66)
[2026.01.20 21:08:43] [INFO] INSERT sikeres: INSERT INTO INVOICE_DETAILS (ID, INVOICEHEADERS_ID, SERVICES_ID, VATRATE_ID, QTY, NET_UNIT_PRICE, VAT_PERCENT, LINE_TOTAL_NET, VAT_AMOUNT, LINE_TOTAL_GROSS) VALUES (69, 70, 19, 5, 66, 3, 20, 198, 39.6, 237.6)
[2026.01.20 21:08:43] [INFO] Adatbázis kapcsolat sikeresen megnyitva.
[2026.01.20 21:08:43] [INFO] Adatbázis kapcsolat lezárva.
[2026.01.20 21:08:43] [INFO] FBConnectX erőforrások felszabadítva (Dispose).
[2026.01.20 21:08:44] [INFO] Adatbázis kapcsolat sikeresen megnyitva.
[2026.01.20 21:08:47] [INFO] Adatbázis kapcsolat lezárva.
[2026.01.20 21:08:47] [INFO] FBConnectX erőforrások felszabadítva (Dispose).
[2026.01.20 21:08:47] [INFO] Adatbázis kapcsolat lezárva.
[2026.01.20 21:08:47] [INFO] FBConnectX erőforrások felszabadítva (Dispose).
[2026.01.20 21:09:05] [INFO] Adatbázis kapcsolat lezárva.
[2026.01.20 21:09:05] [INFO] FBConnectX erőforrások felszabadítva (Dispose).
[2026.01.20 21:09:16] [INFO] Adatbázis kapcsolat sikeresen megnyitva.
[2026.01.20 21:09:16] [INFO] SelectSQL_FirstRow sikeres. SQL: select upssw, isadmin from eusers where uname = @uname and uactive='I'
[2026.01.20 21:09:16] [INFO] Sikeres bejelentkezés: b
[2026.01.20 21:09:20] [INFO] Adatbázis kapcsolat sikeresen megnyitva.
[2026.01.20 21:09:20] [INFO] Adatbázis kapcsolat lezárva.
[2026.01.20 21:09:20] [INFO] FBConnectX erőforrások felszabadítva (Dispose).
[2026.01.20 21:09:27] [INFO] Adatbázis kapcsolat sikeresen megnyitva.
[2026.01.20 21:09:28] [INFO] Adatbázis kapcsolat lezárva.
[2026.01.20 21:09:28] [INFO] FBConnectX erőforrások felszabadítva (Dispose).
[2026.01.20 21:09:30] [INFO] Adatbázis kapcsolat lezárva.
[2026.01.20 21:09:30] [INFO] FBConnectX erőforrások felszabadítva (Dispose).
[2026.01.20 21:13:02] [INFO] Adatbázis kapcsolat sikeresen megnyitva.
[2026.01.20 21:13:02] [INFO] SelectSQL_FirstRow sikeres. SQL: select upssw, isadmin from eusers where uname = @uname and uactive='I'
[2026.01.20 21:13:02] [INFO] Sikeres bejelentkezés: b
[2026.01.20 21:13:12] [INFO] Adatbázis kapcsolat sikeresen megnyitva.
[2026.01.20 21:13:13] [INFO] Adatbázis kapcsolat lezárva.
[2026.01.20 21:13:13] [INFO] FBConnectX erőforrások felszabadítva (Dispose).
[2026.01.20 21:13:24] [INFO] Adatbázis kapcsolat sikeresen megnyitva.
[2026.01.20 21:13:24] [INFO] Adatbázis kapcsolat lezárva.
[2026.01.20 21:13:24] [INFO] FBConnectX erőforrások felszabadítva (Dispose).
[2026.01.20 21:13:34] [INFO] Adatbázis kapcsolat lezárva.
[2026.01.20 21:13:34] [INFO] FBConnectX erőforrások felszabadítva (Dispose).
[2026.01.21 07:27:09] [INFO] Adatbázis kapcsolat sikeresen megnyitva.
[2026.01.21 07:27:09] [WARNING] Sikertelen bejelentkezési kísérlet: DMIN
[2026.01.21 07:27:11] [INFO] Adatbázis kapcsolat lezárva.
[2026.01.21 07:27:11] [INFO] FBConnectX erőforrások felszabadítva (Dispose).
[2026.01.21 07:27:16] [INFO] Adatbázis kapcsolat sikeresen megnyitva.
[2026.01.21 07:27:16] [INFO] SelectSQL_FirstRow sikeres. SQL: select upssw, isadmin from eusers where uname = @uname and uactive='I'
[2026.01.21 07:27:16] [INFO] Sikeres bejelentkezés: ADMIN
[2026.01.21 07:27:19] [INFO] Adatbázis kapcsolat sikeresen megnyitva.
[2026.01.21 07:27:19] [INFO] Adatbázis kapcsolat lezárva.
[2026.01.21 07:27:19] [INFO] FBConnectX erőforrások felszabadítva (Dispose).
[2026.01.21 07:27:19] [INFO] Adatbázis kapcsolat sikeresen megnyitva.
[2026.01.21 07:27:19] [INFO] Adatbázis kapcsolat lezárva.
[2026.01.21 07:27:19] [INFO] FBConnectX erőforrások felszabadítva (Dispose).
[2026.01.21 07:30:35] [INFO] Adatbázis kapcsolat lezárva.
[2026.01.21 07:30:35] [INFO] FBConnectX erőforrások felszabadítva (Dispose).
[2026.01.21 07:32:52] [INFO] Adatbázis kapcsolat sikeresen megnyitva.
[2026.01.21 07:32:52] [INFO] SelectSQL_FirstRow sikeres. SQL: select upssw, isadmin from eusers where uname = @uname and uactive='I'
[2026.01.21 07:32:52] [INFO] Sikeres bejelentkezés: fbe
[2026.01.21 07:32:54] [INFO] Adatbázis kapcsolat sikeresen megnyitva.
[2026.01.21 07:32:54] [INFO] Adatbázis kapcsolat lezárva.
[2026.01.21 07:32:54] [INFO] FBConnectX erőforrások felszabadítva (Dispose).
[2026.01.21 07:32:54] [INFO] Adatbázis kapcsolat sikeresen megnyitva.
[2026.01.21 07:32:54] [INFO] Adatbázis kapcsolat lezárva.
[2026.01.21 07:32:54] [INFO] FBConnectX erőforrások felszabadítva (Dispose).
[2026.01.21 07:33:07] [INFO] Adatbázis kapcsolat sikeresen megnyitva.
[2026.01.21 07:33:07] [INFO] Adatbázis kapcsolat lezárva.
[2026.01.21 07:33:07] [INFO] FBConnectX erőforrások felszabadítva (Dispose).
[2026.01.21 07:33:10] [INFO] Adatbázis kapcsolat sikeresen megnyitva.
[2026.01.21 07:33:10] [INFO] Adatbázis kapcsolat lezárva.
[2026.01.21 07:33:10] [INFO] FBConnectX erőforrások felszabadítva (Dispose).
[2026.01.21 07:33:15] [INFO] Adatbázis kapcsolat sikeresen megnyitva.
[2026.01.21 07:33:15] [INFO] Adatbázis kapcsolat lezárva.
[2026.01.21 07:33:15] [INFO] FBConnectX erőforrások felszabadítva (Dispose).
[2026.01.21 07:34:34] [INFO] Adatbázis kapcsolat sikeresen megnyitva.
[2026.01.21 07:34:34] [INFO] Számla mentése indítva. Sorszám: 0121/001/HU
[2026.01.21 07:34:34] [INFO] INSERT sikeres: INSERT INTO INVOICE_HEADERS (ID, CLIENT_ID, INVOICE_NUMBER, ISSUE_DATE, DUE_DATE, CREATED, PAYMENT_METHOD, SZLASTAT, FIZSTAT, STORNO_ID) VALUES (71, 22, '0121/001/HU', '2026-01-21', '2026-02-04', '2026-01-21 07:34:34', 'Készpénz', '1', '0', '0')
[2026.01.21 07:34:34] [INFO] INSERT sikeres: INSERT INTO INVOICE_DETAILS (ID, INVOICEHEADERS_ID, SERVICES_ID, VATRATE_ID, QTY, NET_UNIT_PRICE, VAT_PERCENT, LINE_TOTAL_NET, VAT_AMOUNT, LINE_TOTAL_GROSS) VALUES (70, 71, 21, 5, 1, 120, 20, 120, 24, 144)
[2026.01.21 07:34:34] [INFO] INSERT sikeres: INSERT INTO INVOICE_DETAILS (ID, INVOICEHEADERS_ID, SERVICES_ID, VATRATE_ID, QTY, NET_UNIT_PRICE, VAT_PERCENT, LINE_TOTAL_NET, VAT_AMOUNT, LINE_TOTAL_GROSS) VALUES (71, 71, 20, 6, 1, 10, 30, 10, 3, 13)
[2026.01.21 07:34:34] [INFO] INSERT sikeres: INSERT INTO INVOICE_DETAILS (ID, INVOICEHEADERS_ID, SERVICES_ID, VATRATE_ID, QTY, NET_UNIT_PRICE, VAT_PERCENT, LINE_TOTAL_NET, VAT_AMOUNT, LINE_TOTAL_GROSS) VALUES (72, 71, 22, 5, 1, 111, 20, 111, 22.2, 133.2)
[2026.01.21 07:34:34] [INFO] Számla mentése sikeres.
[2026.01.21 07:34:36] [INFO] Adatbázis kapcsolat sikeresen megnyitva.
[2026.01.21 07:34:52] [INFO] Adatbázis kapcsolat lezárva.
[2026.01.21 07:34:52] [INFO] FBConnectX erőforrások felszabadítva (Dispose).
[2026.01.21 07:34:52] [INFO] Adatbázis kapcsolat lezárva.
[2026.01.21 07:34:52] [INFO] FBConnectX erőforrások felszabadítva (Dispose).
[2026.01.21 07:35:16] [INFO] Adatbázis kapcsolat lezárva.
[2026.01.21 07:35:16] [INFO] FBConnectX erőforrások felszabadítva (Dispose).
[2026.01.21 07:46:00] [INFO] Adatbázis kapcsolat sikeresen megnyitva.
[2026.01.21 07:46:00] [INFO] SelectSQL_FirstRow sikeres. SQL: select upssw, isadmin from eusers where uname = @uname and uactive='I'
[2026.01.21 07:46:00] [INFO] Sikeres bejelentkezés: fbe
[2026.01.21 07:46:03] [INFO] Adatbázis kapcsolat sikeresen megnyitva.
[2026.01.21 07:46:03] [INFO] Adatbázis kapcsolat lezárva.
[2026.01.21 07:46:03] [INFO] FBConnectX erőforrások felszabadítva (Dispose).
[2026.01.21 07:46:03] [INFO] Adatbázis kapcsolat sikeresen megnyitva.
[2026.01.21 07:46:03] [INFO] Adatbázis kapcsolat lezárva.
[2026.01.21 07:46:03] [INFO] FBConnectX erőforrások felszabadítva (Dispose).
[2026.01.21 07:46:05] [INFO] Adatbázis kapcsolat sikeresen megnyitva.
[2026.01.21 07:46:05] [INFO] Adatbázis kapcsolat lezárva.
[2026.01.21 07:46:05] [INFO] FBConnectX erőforrások felszabadítva (Dispose).
[2026.01.21 07:46:09] [INFO] Adatbázis kapcsolat sikeresen megnyitva.
[2026.01.21 07:46:09] [INFO] Adatbázis kapcsolat lezárva.
[2026.01.21 07:46:09] [INFO] FBConnectX erőforrások felszabadítva (Dispose).
[2026.01.21 07:46:10] [INFO] Adatbázis kapcsolat sikeresen megnyitva.
[2026.01.21 07:46:11] [INFO] Adatbázis kapcsolat lezárva.
[2026.01.21 07:46:11] [INFO] FBConnectX erőforrások felszabadítva (Dispose).
[2026.01.21 07:46:12] [INFO] Adatbázis kapcsolat sikeresen megnyitva.
[2026.01.21 07:46:12] [INFO] Adatbázis kapcsolat lezárva.
[2026.01.21 07:46:12] [INFO] FBConnectX erőforrások felszabadítva (Dispose).
[2026.01.21 07:47:16] [INFO] Adatbázis kapcsolat sikeresen megnyitva.
[2026.01.21 07:47:16] [INFO] Számla mentése indítva. Sorszám: Rechnung_0121-002-HU
[2026.01.21 07:47:16] [INFO] INSERT sikeres: INSERT INTO INVOICE_HEADERS (ID, CLIENT_ID, INVOICE_NUMBER, ISSUE_DATE, DUE_DATE, CREATED, PAYMENT_METHOD, SZLASTAT, FIZSTAT, STORNO_ID) VALUES (72, 19, 'Rechnung_0121-002-HU', '2026-01-21', '2026-02-28', '2026-01-21 07:47:16', 'Átutalás', '1', '0', '0')
[2026.01.21 07:47:16] [INFO] INSERT sikeres: INSERT INTO INVOICE_DETAILS (ID, INVOICEHEADERS_ID, SERVICES_ID, VATRATE_ID, QTY, NET_UNIT_PRICE, VAT_PERCENT, LINE_TOTAL_NET, VAT_AMOUNT, LINE_TOTAL_GROSS) VALUES (73, 72, 21, 5, 1, 120, 20, 120, 24, 144)
[2026.01.21 07:47:16] [INFO] INSERT sikeres: INSERT INTO INVOICE_DETAILS (ID, INVOICEHEADERS_ID, SERVICES_ID, VATRATE_ID, QTY, NET_UNIT_PRICE, VAT_PERCENT, LINE_TOTAL_NET, VAT_AMOUNT, LINE_TOTAL_GROSS) VALUES (74, 72, 20, 5, 60, 10, 20, 600, 120, 720)
[2026.01.21 07:47:16] [INFO] INSERT sikeres: INSERT INTO INVOICE_DETAILS (ID, INVOICEHEADERS_ID, SERVICES_ID, VATRATE_ID, QTY, NET_UNIT_PRICE, VAT_PERCENT, LINE_TOTAL_NET, VAT_AMOUNT, LINE_TOTAL_GROSS) VALUES (75, 72, 19, 5, 64, 3, 20, 192, 38.4, 230.4)
[2026.01.21 07:47:16] [INFO] Számla mentése sikeres.
[2026.01.21 07:47:19] [INFO] Adatbázis kapcsolat sikeresen megnyitva.
[2026.01.21 07:47:27] [INFO] Adatbázis kapcsolat lezárva.
[2026.01.21 07:47:27] [INFO] FBConnectX erőforrások felszabadítva (Dispose).
[2026.01.21 07:47:27] [INFO] Adatbázis kapcsolat lezárva.
[2026.01.21 07:47:27] [INFO] FBConnectX erőforrások felszabadítva (Dispose).
[2026.01.21 07:58:08] [INFO] Adatbázis kapcsolat sikeresen megnyitva.
[2026.01.21 07:58:08] [INFO] Adatbázis kapcsolat lezárva.
[2026.01.21 07:58:08] [INFO] FBConnectX erőforrások felszabadítva (Dispose).
[2026.01.21 07:58:09] [INFO] Adatbázis kapcsolat sikeresen megnyitva.
[2026.01.21 07:58:10] [INFO] Adatbázis kapcsolat lezárva.
[2026.01.21 07:58:10] [INFO] FBConnectX erőforrások felszabadítva (Dispose).
[2026.01.21 07:58:11] [INFO] Adatbázis kapcsolat sikeresen megnyitva.
[2026.01.21 07:58:11] [INFO] Adatbázis kapcsolat lezárva.
[2026.01.21 07:58:11] [INFO] FBConnectX erőforrások felszabadítva (Dispose).
[2026.01.21 07:58:47] [INFO] Adatbázis kapcsolat sikeresen megnyitva.
[2026.01.21 07:58:47] [INFO] Számla mentése indítva. Sorszám: Rechnung_0121-003-HU
[2026.01.21 07:58:47] [INFO] INSERT sikeres: INSERT INTO INVOICE_HEADERS (ID, CLIENT_ID, INVOICE_NUMBER, ISSUE_DATE, DUE_DATE, CREATED, PAYMENT_METHOD, SZLASTAT, FIZSTAT, STORNO_ID) VALUES (73, 17, 'Rechnung_0121-003-HU', '2026-01-21', '2026-03-31', '2026-01-21 07:58:47', 'Bankkártya', '1', '0', '0')
[2026.01.21 07:58:47] [INFO] INSERT sikeres: INSERT INTO INVOICE_DETAILS (ID, INVOICEHEADERS_ID, SERVICES_ID, VATRATE_ID, QTY, NET_UNIT_PRICE, VAT_PERCENT, LINE_TOTAL_NET, VAT_AMOUNT, LINE_TOTAL_GROSS) VALUES (76, 73, 19, 5, 116, 3, 20, 348, 69.6, 417.6)
[2026.01.21 07:58:47] [INFO] Számla mentése sikeres.
[2026.01.21 07:58:49] [INFO] Adatbázis kapcsolat sikeresen megnyitva.
[2026.01.21 07:58:55] [INFO] Adatbázis kapcsolat lezárva.
[2026.01.21 07:58:55] [INFO] FBConnectX erőforrások felszabadítva (Dispose).
[2026.01.21 07:58:55] [INFO] Adatbázis kapcsolat lezárva.
[2026.01.21 07:58:55] [INFO] FBConnectX erőforrások felszabadítva (Dispose).
[2026.01.21 08:00:14] [INFO] Adatbázis kapcsolat lezárva.
[2026.01.21 08:00:14] [INFO] FBConnectX erőforrások felszabadítva (Dispose).
[2026.01.21 08:19:41] [INFO] Adatbázis kapcsolat sikeresen megnyitva.
[2026.01.21 08:19:41] [INFO] SelectSQL_FirstRow sikeres. SQL: select upssw, isadmin from eusers where uname = @uname and uactive='I'
[2026.01.21 08:19:41] [INFO] Sikeres bejelentkezés: fbe
[2026.01.21 08:19:43] [INFO] Adatbázis kapcsolat sikeresen megnyitva.
[2026.01.21 08:19:43] [INFO] Adatbázis kapcsolat lezárva.
[2026.01.21 08:19:43] [INFO] FBConnectX erőforrások felszabadítva (Dispose).
[2026.01.21 08:19:43] [INFO] Adatbázis kapcsolat sikeresen megnyitva.
[2026.01.21 08:19:43] [INFO] Adatbázis kapcsolat lezárva.
[2026.01.21 08:19:43] [INFO] FBConnectX erőforrások felszabadítva (Dispose).
[2026.01.21 08:21:19] [INFO] Adatbázis kapcsolat lezárva.
[2026.01.21 08:21:19] [INFO] FBConnectX erőforrások felszabadítva (Dispose).
[2026.01.21 08:22:20] [INFO] Adatbázis kapcsolat sikeresen megnyitva.
[2026.01.21 08:22:20] [INFO] SelectSQL_FirstRow sikeres. SQL: select upssw, isadmin from eusers where uname = @uname and uactive='I'
[2026.01.21 08:22:20] [INFO] Sikeres bejelentkezés: fbe
[2026.01.21 08:22:22] [INFO] Adatbázis kapcsolat sikeresen megnyitva.
[2026.01.21 08:22:22] [INFO] Adatbázis kapcsolat lezárva.
[2026.01.21 08:22:22] [INFO] FBConnectX erőforrások felszabadítva (Dispose).
[2026.01.21 08:22:22] [INFO] Adatbázis kapcsolat sikeresen megnyitva.
[2026.01.21 08:22:22] [INFO] Adatbázis kapcsolat lezárva.
[2026.01.21 08:22:22] [INFO] FBConnectX erőforrások felszabadítva (Dispose).
[2026.01.21 08:22:24] [INFO] Adatbázis kapcsolat sikeresen megnyitva.
[2026.01.21 08:22:24] [INFO] Adatbázis kapcsolat lezárva.
[2026.01.21 08:22:24] [INFO] FBConnectX erőforrások felszabadítva (Dispose).
[2026.01.21 08:22:25] [INFO] Adatbázis kapcsolat sikeresen megnyitva.
[2026.01.21 08:22:25] [INFO] Adatbázis kapcsolat lezárva.
[2026.01.21 08:22:25] [INFO] FBConnectX erőforrások felszabadítva (Dispose).
[2026.01.21 08:22:27] [INFO] Adatbázis kapcsolat sikeresen megnyitva.
[2026.01.21 08:22:27] [INFO] Adatbázis kapcsolat lezárva.
[2026.01.21 08:22:27] [INFO] FBConnectX erőforrások felszabadítva (Dispose).
[2026.01.21 08:22:59] [INFO] Adatbázis kapcsolat sikeresen megnyitva.
[2026.01.21 08:22:59] [INFO] Számla mentése indítva. Sorszám: Rechnung_0121-004-HU
[2026.01.21 08:22:59] [INFO] INSERT sikeres: INSERT INTO INVOICE_HEADERS (ID, CLIENT_ID, INVOICE_NUMBER, ISSUE_DATE, DUE_DATE, CREATED, PAYMENT_METHOD, SZLASTAT, FIZSTAT, STORNO_ID) VALUES (74, 21, 'Rechnung_0121-004-HU', '2026-01-21', '2026-01-30', '2026-01-21 08:22:59', 'Bankkártya', '1', '0', '0')
[2026.01.21 08:22:59] [INFO] INSERT sikeres: INSERT INTO INVOICE_DETAILS (ID, INVOICEHEADERS_ID, SERVICES_ID, VATRATE_ID, QTY, NET_UNIT_PRICE, VAT_PERCENT, LINE_TOTAL_NET, VAT_AMOUNT, LINE_TOTAL_GROSS) VALUES (77, 74, 10, 5, 1, 5, 20, 5, 1, 6)
[2026.01.21 08:22:59] [INFO] Számla mentése sikeres.
[2026.01.21 08:23:01] [INFO] Adatbázis kapcsolat sikeresen megnyitva.
[2026.01.21 08:23:08] [INFO] Adatbázis kapcsolat lezárva.
[2026.01.21 08:23:08] [INFO] FBConnectX erőforrások felszabadítva (Dispose).
[2026.01.21 08:23:08] [INFO] Adatbázis kapcsolat lezárva.
[2026.01.21 08:23:08] [INFO] FBConnectX erőforrások felszabadítva (Dispose).
[2026.01.21 08:30:27] [INFO] Adatbázis kapcsolat sikeresen megnyitva.
[2026.01.21 08:30:27] [INFO] Számla mentése indítva. Sorszám: 0121/1
[2026.01.21 08:30:27] [INFO] INSERT sikeres: INSERT INTO INVOICE_HEADERS (ID, CLIENT_ID, INVOICE_NUMBER, ISSUE_DATE, DUE_DATE, CREATED, PAYMENT_METHOD, SZLASTAT, FIZSTAT, STORNO_ID) VALUES (75, 21, '0121/1', '2026-01-21', '2026-01-29', '2026-01-21 08:30:27', 'Átutalás', '1', '0', '0')
[2026.01.21 08:30:27] [INFO] INSERT sikeres: INSERT INTO INVOICE_DETAILS (ID, INVOICEHEADERS_ID, SERVICES_ID, VATRATE_ID, QTY, NET_UNIT_PRICE, VAT_PERCENT, LINE_TOTAL_NET, VAT_AMOUNT, LINE_TOTAL_GROSS) VALUES (78, 75, 21, 5, 1, 120, 20, 120, 24, 144)
[2026.01.21 08:30:27] [INFO] Számla mentése sikeres.
[2026.01.21 08:30:28] [INFO] Adatbázis kapcsolat sikeresen megnyitva.
[2026.01.21 08:30:34] [INFO] Adatbázis kapcsolat lezárva.
[2026.01.21 08:30:34] [INFO] FBConnectX erőforrások felszabadítva (Dispose).
[2026.01.21 08:30:34] [INFO] Adatbázis kapcsolat lezárva.
[2026.01.21 08:30:34] [INFO] FBConnectX erőforrások felszabadítva (Dispose).
[2026.01.21 08:33:06] [INFO] Adatbázis kapcsolat sikeresen megnyitva.
[2026.01.21 08:33:06] [INFO] Számla mentése indítva. Sorszám: 0121/2
[2026.01.21 08:33:06] [INFO] INSERT sikeres: INSERT INTO INVOICE_HEADERS (ID, CLIENT_ID, INVOICE_NUMBER, ISSUE_DATE, DUE_DATE, CREATED, PAYMENT_METHOD, SZLASTAT, FIZSTAT, STORNO_ID) VALUES (76, 21, '0121/2', '2026-01-21', '2026-04-30', '2026-01-21 08:33:06', 'Bankkártya', '1', '0', '0')
[2026.01.21 08:33:06] [INFO] INSERT sikeres: INSERT INTO INVOICE_DETAILS (ID, INVOICEHEADERS_ID, SERVICES_ID, VATRATE_ID, QTY, NET_UNIT_PRICE, VAT_PERCENT, LINE_TOTAL_NET, VAT_AMOUNT, LINE_TOTAL_GROSS) VALUES (79, 76, 19, 5, 98, 3, 20, 294, 58.8, 352.8)
[2026.01.21 08:33:06] [INFO] Számla mentése sikeres.
[2026.01.21 08:33:07] [INFO] Adatbázis kapcsolat sikeresen megnyitva.
[2026.01.21 08:33:13] [INFO] Adatbázis kapcsolat lezárva.
[2026.01.21 08:33:13] [INFO] FBConnectX erőforrások felszabadítva (Dispose).
[2026.01.21 08:33:13] [INFO] Adatbázis kapcsolat lezárva.
[2026.01.21 08:33:13] [INFO] FBConnectX erőforrások felszabadítva (Dispose).
[2026.01.21 08:34:18] [INFO] Adatbázis kapcsolat sikeresen megnyitva.
[2026.01.21 08:34:18] [INFO] Számla mentése indítva. Sorszám: 0121/3
[2026.01.21 08:34:18] [INFO] INSERT sikeres: INSERT INTO INVOICE_HEADERS (ID, CLIENT_ID, INVOICE_NUMBER, ISSUE_DATE, DUE_DATE, CREATED, PAYMENT_METHOD, SZLASTAT, FIZSTAT, STORNO_ID) VALUES (77, 21, '0121/3', '2026-01-21', '2026-01-29', '2026-01-21 08:34:18', 'Készpénz', '1', '0', '0')
[2026.01.21 08:34:18] [INFO] INSERT sikeres: INSERT INTO INVOICE_DETAILS (ID, INVOICEHEADERS_ID, SERVICES_ID, VATRATE_ID, QTY, NET_UNIT_PRICE, VAT_PERCENT, LINE_TOTAL_NET, VAT_AMOUNT, LINE_TOTAL_GROSS) VALUES (80, 77, 12, 5, 75, 10, 20, 750, 150, 900)
[2026.01.21 08:34:18] [INFO] Számla mentése sikeres.
[2026.01.21 08:34:19] [INFO] Adatbázis kapcsolat sikeresen megnyitva.
[2026.01.21 08:34:25] [INFO] Adatbázis kapcsolat lezárva.
[2026.01.21 08:34:25] [INFO] FBConnectX erőforrások felszabadítva (Dispose).
[2026.01.21 08:34:25] [INFO] Adatbázis kapcsolat lezárva.
[2026.01.21 08:34:25] [INFO] FBConnectX erőforrások felszabadítva (Dispose).
[2026.01.21 08:52:34] [INFO] Adatbázis kapcsolat lezárva.
[2026.01.21 08:52:34] [INFO] FBConnectX erőforrások felszabadítva (Dispose).
[2026.01.21 09:48:11] [INFO] Adatbázis kapcsolat sikeresen megnyitva.
[2026.01.21 09:48:11] [INFO] SelectSQL_FirstRow sikeres. SQL: select upssw, isadmin from eusers where uname = @uname and uactive='I'
[2026.01.21 09:48:11] [INFO] Sikeres bejelentkezés: fbe
[2026.01.21 09:48:13] [INFO] Adatbázis kapcsolat sikeresen megnyitva.
[2026.01.21 09:48:13] [INFO] Adatbázis kapcsolat lezárva.
[2026.01.21 09:48:13] [INFO] FBConnectX erőforrások felszabadítva (Dispose).
[2026.01.21 09:48:13] [INFO] Adatbázis kapcsolat sikeresen megnyitva.
[2026.01.21 09:48:13] [INFO] Adatbázis kapcsolat lezárva.
[2026.01.21 09:48:13] [INFO] FBConnectX erőforrások felszabadítva (Dispose).
[2026.01.21 09:49:02] [INFO] Adatbázis kapcsolat lezárva.
[2026.01.21 09:49:02] [INFO] FBConnectX erőforrások felszabadítva (Dispose).
[2026.01.21 09:50:05] [INFO] Adatbázis kapcsolat sikeresen megnyitva.
[2026.01.21 09:50:05] [INFO] SelectSQL_FirstRow sikeres. SQL: select upssw, isadmin from eusers where uname = @uname and uactive='I'
[2026.01.21 09:50:05] [INFO] Sikeres bejelentkezés: fbe
[2026.01.21 09:50:07] [INFO] Adatbázis kapcsolat sikeresen megnyitva.
[2026.01.21 09:50:07] [INFO] Adatbázis kapcsolat lezárva.
[2026.01.21 09:50:07] [INFO] FBConnectX erőforrások felszabadítva (Dispose).
[2026.01.21 09:50:07] [INFO] Adatbázis kapcsolat sikeresen megnyitva.
[2026.01.21 09:50:07] [INFO] Adatbázis kapcsolat lezárva.
[2026.01.21 09:50:07] [INFO] FBConnectX erőforrások felszabadítva (Dispose).
[2026.01.21 10:23:20] [INFO] Adatbázis kapcsolat lezárva.
[2026.01.21 10:23:20] [INFO] FBConnectX erőforrások felszabadítva (Dispose).
[2026.01.21 18:16:12] [ERROR] FBConnOpenX - Kapcsolat nyitási hiba: I/O error during "CreateFile (open)" operation for file "C:\PROGRAM FILES (X86)\ECOINV\ECOINV\ECINVFBDB4.FDB"
Error while trying to open file
Stack Trace:    a következő helyen: FirebirdSql.Data.FirebirdClient.FbConnectionInternal.Connect()
   a következő helyen: FirebirdSql.Data.FirebirdClient.FbConnection.Open()
   a következő helyen: Ecoinv.Common.FBConnectX.FBConnOpenX() hely: C:\Users\prozs\source\repos\Ecoinv\Common\FBConnectX.cs, sor: 68
[2026.01.21 18:16:17] [ERROR] FBConnOpenX - Kapcsolat nyitási hiba: I/O error during "CreateFile (open)" operation for file "C:\PROGRAM FILES (X86)\ECOINV\ECOINV\ECINVFBDB4.FDB"
Error while trying to open file
Stack Trace:    a következő helyen: FirebirdSql.Data.FirebirdClient.FbConnectionInternal.Connect()
   a következő helyen: FirebirdSql.Data.FirebirdClient.FbConnection.Open()
   a következő helyen: Ecoinv.Common.FBConnectX.FBConnOpenX() hely: C:\Users\prozs\source\repos\Ecoinv\Common\FBConnectX.cs, sor: 68
[2026.01.21 18:16:18] [ERROR] SelectSQL_FirstRow hiba. SQL: select upssw, isadmin from eusers where uname = @uname and uactive='I': Connection must be valid and open.
Stack Trace:    a következő helyen: FirebirdSql.Data.FirebirdClient.FbConnection.EnsureOpen(FbConnection connection)
   a következő helyen: FirebirdSql.Data.FirebirdClient.FbCommand.CheckCommand()
   a következő helyen: FirebirdSql.Data.FirebirdClient.FbCommand.ExecuteReader(CommandBehavior behavior)
   a következő helyen: FirebirdSql.Data.FirebirdClient.FbCommand.ExecuteReader()
   a következő helyen: Ecoinv.Common.FBConnectX.SelectSQL_FirstRow(String sqlstr, FbParameter[] parameters) hely: C:\Users\prozs\source\repos\Ecoinv\Common\FBConnectX.cs, sor: 161
[2026.01.21 18:16:18] [ERROR] Bejelentkezési adatbázis hiba. User: fbe: Connection must be valid and open.
Stack Trace:    a következő helyen: FirebirdSql.Data.FirebirdClient.FbConnection.EnsureOpen(FbConnection connection)
   a következő helyen: FirebirdSql.Data.FirebirdClient.FbCommand.CheckCommand()
   a következő helyen: FirebirdSql.Data.FirebirdClient.FbCommand.ExecuteReader(CommandBehavior behavior)
   a következő helyen: FirebirdSql.Data.FirebirdClient.FbCommand.ExecuteReader()
   a következő helyen: Ecoinv.Common.FBConnectX.SelectSQL_FirstRow(String sqlstr, FbParameter[] parameters) hely: C:\Users\prozs\source\repos\Ecoinv\Common\FBConnectX.cs, sor: 177
   a következő helyen: Ecoinv.DataContext.LoginFrmDataContext.GetLogin(FBConnectX conn) hely: C:\Users\prozs\source\repos\Ecoinv\DataContext\LoginFrmDataContext.cs, sor: 74
[2026.01.21 18:16:19] [WARNING] Sikertelen bejelentkezési kísérlet: fbe
[2026.01.21 18:16:20] [INFO] FBConnectX erőforrások felszabadítva (Dispose).
[2026.01.21 18:32:28] [INFO] Adatbázis kapcsolat sikeresen megnyitva.
[2026.01.21 18:32:28] [INFO] SelectSQL_FirstRow sikeres. SQL: select upssw, isadmin from eusers where uname = @uname and uactive='I'
[2026.01.21 18:32:28] [INFO] Sikeres bejelentkezés: fbe
[2026.01.21 18:32:31] [INFO] Adatbázis kapcsolat sikeresen megnyitva.
[2026.01.21 18:32:31] [INFO] Adatbázis kapcsolat lezárva.
[2026.01.21 18:32:31] [INFO] FBConnectX erőforrások felszabadítva (Dispose).
[2026.01.21 18:32:31] [INFO] Adatbázis kapcsolat sikeresen megnyitva.
[2026.01.21 18:32:31] [INFO] Adatbázis kapcsolat lezárva.
[2026.01.21 18:32:31] [INFO] FBConnectX erőforrások felszabadítva (Dispose).
[2026.01.21 18:32:39] [INFO] Adatbázis kapcsolat lezárva.
[2026.01.21 18:32:39] [INFO] FBConnectX erőforrások felszabadítva (Dispose).
[2026.01.21 18:34:00] [INFO] Adatbázis kapcsolat sikeresen megnyitva.
[2026.01.21 18:34:00] [INFO] SelectSQL_FirstRow sikeres. SQL: select upssw, isadmin from eusers where uname = @uname and uactive='I'
[2026.01.21 18:34:00] [INFO] Sikeres bejelentkezés: fbe
[2026.01.21 18:34:01] [INFO] Adatbázis kapcsolat sikeresen megnyitva.
[2026.01.21 18:34:01] [INFO] Adatbázis kapcsolat lezárva.
[2026.01.21 18:34:01] [INFO] FBConnectX erőforrások felszabadítva (Dispose).
[2026.01.21 18:34:01] [INFO] Adatbázis kapcsolat sikeresen megnyitva.
[2026.01.21 18:34:01] [INFO] Adatbázis kapcsolat lezárva.
[2026.01.21 18:34:01] [INFO] FBConnectX erőforrások felszabadítva (Dispose).
[2026.01.21 18:34:09] [INFO] Adatbázis kapcsolat lezárva.
[2026.01.21 18:34:09] [INFO] FBConnectX erőforrások felszabadítva (Dispose).
[2026.01.21 18:57:17] [INFO] Adatbázis kapcsolat sikeresen megnyitva.
[2026.01.21 18:57:17] [INFO] SelectSQL_FirstRow sikeres. SQL: select upssw, isadmin from eusers where uname = @uname and uactive='I'
[2026.01.21 18:57:17] [INFO] Sikeres bejelentkezés: fbe
[2026.01.21 18:57:18] [INFO] Adatbázis kapcsolat sikeresen megnyitva.
[2026.01.21 18:57:18] [INFO] Adatbázis kapcsolat lezárva.
[2026.01.21 18:57:18] [INFO] FBConnectX erőforrások felszabadítva (Dispose).
[2026.01.21 18:57:18] [INFO] Adatbázis kapcsolat sikeresen megnyitva.
[2026.01.21 18:57:18] [INFO] Adatbázis kapcsolat lezárva.
[2026.01.21 18:57:18] [INFO] FBConnectX erőforrások felszabadítva (Dispose).
[2026.01.21 18:57:21] [INFO] Adatbázis kapcsolat lezárva.
[2026.01.21 18:57:21] [INFO] FBConnectX erőforrások felszabadítva (Dispose).
[2026.01.21 19:05:38] [INFO] Adatbázis kapcsolat sikeresen megnyitva.
[2026.01.21 19:05:38] [INFO] SelectSQL_FirstRow sikeres. SQL: select upssw, isadmin from eusers where uname = @uname and uactive='I'
[2026.01.21 19:05:38] [INFO] Sikeres bejelentkezés: b
[2026.01.21 19:05:45] [INFO] Adatbázis kapcsolat sikeresen megnyitva.
[2026.01.21 19:05:45] [INFO] Adatbázis kapcsolat lezárva.
[2026.01.21 19:05:45] [INFO] FBConnectX erőforrások felszabadítva (Dispose).
[2026.01.21 19:05:50] [INFO] Adatbázis kapcsolat lezárva.
[2026.01.21 19:05:50] [INFO] FBConnectX erőforrások felszabadítva (Dispose).
[2026.01.21 19:18:57] [INFO] Adatbázis kapcsolat sikeresen megnyitva.
[2026.01.21 19:18:57] [INFO] SelectSQL_FirstRow sikeres. SQL: select upssw, isadmin from eusers where uname = @uname and uactive='I'
[2026.01.21 19:18:57] [INFO] Sikeres bejelentkezés: fbe
[2026.01.21 19:18:58] [INFO] Adatbázis kapcsolat sikeresen megnyitva.
[2026.01.21 19:18:58] [INFO] Adatbázis kapcsolat lezárva.
[2026.01.21 19:18:58] [INFO] FBConnectX erőforrások felszabadítva (Dispose).
[2026.01.21 19:18:58] [INFO] Adatbázis kapcsolat sikeresen megnyitva.
[2026.01.21 19:18:58] [INFO] Adatbázis kapcsolat lezárva.
[2026.01.21 19:18:58] [INFO] FBConnectX erőforrások felszabadítva (Dispose).
[2026.01.21 19:19:00] [INFO] Adatbázis kapcsolat sikeresen megnyitva.
[2026.01.21 19:19:00] [INFO] Adatbázis kapcsolat lezárva.
[2026.01.21 19:19:00] [INFO] FBConnectX erőforrások felszabadítva (Dispose).
[2026.01.21 19:19:01] [INFO] Adatbázis kapcsolat sikeresen megnyitva.
[2026.01.21 19:19:01] [INFO] Adatbázis kapcsolat lezárva.
[2026.01.21 19:19:01] [INFO] FBConnectX erőforrások felszabadítva (Dispose).
[2026.01.21 19:19:03] [INFO] Adatbázis kapcsolat sikeresen megnyitva.
[2026.01.21 19:19:03] [INFO] Adatbázis kapcsolat lezárva.
[2026.01.21 19:19:03] [INFO] FBConnectX erőforrások felszabadítva (Dispose).
[2026.01.21 19:19:24] [INFO] Adatbázis kapcsolat sikeresen megnyitva.
[2026.01.21 19:19:24] [INFO] Számla mentése indítva. Sorszám: 123/1
[2026.01.21 19:19:24] [INFO] INSERT sikeres: INSERT INTO INVOICE_HEADERS (ID, CLIENT_ID, INVOICE_NUMBER, ISSUE_DATE, DUE_DATE, CREATED, PAYMENT_METHOD, SZLASTAT, FIZSTAT, STORNO_ID) VALUES (78, 17, '123/1', '2026-01-21', '2026-06-01', '2026-01-21 19:19:24', 'Bankkártya', '1', '0', '0')
[2026.01.21 19:19:24] [INFO] INSERT sikeres: INSERT INTO INVOICE_DETAILS (ID, INVOICEHEADERS_ID, SERVICES_ID, VATRATE_ID, QTY, NET_UNIT_PRICE, VAT_PERCENT, LINE_TOTAL_NET, VAT_AMOUNT, LINE_TOTAL_GROSS) VALUES (81, 78, 21, 5, 2, 120, 20, 240, 48, 288)
[2026.01.21 19:19:24] [INFO] Számla mentése sikeres.
[2026.01.21 19:19:27] [INFO] Adatbázis kapcsolat sikeresen megnyitva.
[2026.01.21 19:19:31] [INFO] Adatbázis kapcsolat lezárva.
[2026.01.21 19:19:31] [INFO] FBConnectX erőforrások felszabadítva (Dispose).
[2026.01.21 19:19:31] [INFO] Adatbázis kapcsolat lezárva.
[2026.01.21 19:19:31] [INFO] FBConnectX erőforrások felszabadítva (Dispose).
[2026.01.21 19:21:24] [INFO] Adatbázis kapcsolat sikeresen megnyitva.
[2026.01.21 19:21:24] [INFO] SelectSQL_FirstRow sikeres. SQL: select upssw, isadmin from eusers where uname = @uname and uactive='I'
[2026.01.21 19:21:24] [INFO] Sikeres bejelentkezés: fbe
[2026.01.21 19:21:27] [INFO] Adatbázis kapcsolat sikeresen megnyitva.
[2026.01.21 19:21:27] [INFO] Adatbázis kapcsolat lezárva.
[2026.01.21 19:21:27] [INFO] FBConnectX erőforrások felszabadítva (Dispose).
[2026.01.21 19:21:27] [INFO] Adatbázis kapcsolat sikeresen megnyitva.
[2026.01.21 19:21:27] [INFO] Adatbázis kapcsolat lezárva.
[2026.01.21 19:21:27] [INFO] FBConnectX erőforrások felszabadítva (Dispose).
[2026.01.21 19:21:38] [INFO] Adatbázis kapcsolat lezárva.
[2026.01.21 19:21:38] [INFO] FBConnectX erőforrások felszabadítva (Dispose).
[2026.01.22 15:10:06] [INFO] Adatbázis kapcsolat sikeresen megnyitva.
[2026.01.22 15:10:06] [INFO] SelectSQL_FirstRow sikeres. SQL: select upssw, isadmin from eusers where uname = @uname and uactive='I'
[2026.01.22 15:10:06] [INFO] Sikeres bejelentkezés: fbe
[2026.01.22 15:10:12] [INFO] Adatbázis kapcsolat sikeresen megnyitva.
[2026.01.22 15:10:12] [INFO] Adatbázis kapcsolat lezárva.
[2026.01.22 15:10:12] [INFO] FBConnectX erőforrások felszabadítva (Dispose).
[2026.01.22 15:10:12] [INFO] Adatbázis kapcsolat sikeresen megnyitva.
[2026.01.22 15:10:12] [INFO] Adatbázis kapcsolat lezárva.
[2026.01.22 15:10:12] [INFO] FBConnectX erőforrások felszabadítva (Dispose).
[2026.01.22 15:10:17] [INFO] Adatbázis kapcsolat sikeresen megnyitva.
[2026.01.22 15:10:17] [INFO] Adatbázis kapcsolat lezárva.
[2026.01.22 15:10:17] [INFO] FBConnectX erőforrások felszabadítva (Dispose).
[2026.01.22 15:10:50] [INFO] Adatbázis kapcsolat sikeresen megnyitva.
[2026.01.22 15:10:50] [INFO] Adatbázis kapcsolat lezárva.
[2026.01.22 15:10:50] [INFO] FBConnectX erőforrások felszabadítva (Dispose).
[2026.01.22 15:10:52] [INFO] Adatbázis kapcsolat sikeresen megnyitva.
[2026.01.22 15:10:52] [INFO] Adatbázis kapcsolat lezárva.
[2026.01.22 15:10:52] [INFO] FBConnectX erőforrások felszabadítva (Dispose).
[2026.01.22 15:11:26] [INFO] Adatbázis kapcsolat sikeresen megnyitva.
[2026.01.22 15:11:26] [INFO] Számla mentése indítva. Sorszám: 0122/1
[2026.01.22 15:11:26] [INFO] INSERT sikeres: INSERT INTO INVOICE_HEADERS (ID, CLIENT_ID, INVOICE_NUMBER, ISSUE_DATE, DUE_DATE, CREATED, PAYMENT_METHOD, SZLASTAT, FIZSTAT, STORNO_ID) VALUES (79, 22, '0122/1', '2026-01-22', '2026-02-20', '2026-01-22 15:11:26', 'Bankkártya', '1', '0', '0')
[2026.01.22 15:11:26] [INFO] INSERT sikeres: INSERT INTO INVOICE_DETAILS (ID, INVOICEHEADERS_ID, SERVICES_ID, VATRATE_ID, QTY, NET_UNIT_PRICE, VAT_PERCENT, LINE_TOTAL_NET, VAT_AMOUNT, LINE_TOTAL_GROSS) VALUES (82, 79, 21, 5, 1, 120, 20, 120, 24, 144)
[2026.01.22 15:11:26] [INFO] Számla mentése sikeres.
[2026.01.22 15:11:28] [INFO] Adatbázis kapcsolat sikeresen megnyitva.
[2026.01.22 15:11:33] [INFO] Adatbázis kapcsolat lezárva.
[2026.01.22 15:11:33] [INFO] FBConnectX erőforrások felszabadítva (Dispose).
[2026.01.22 15:11:33] [INFO] Adatbázis kapcsolat lezárva.
[2026.01.22 15:11:33] [INFO] FBConnectX erőforrások felszabadítva (Dispose).
[2026.01.22 15:13:26] [INFO] Adatbázis kapcsolat sikeresen megnyitva.
[2026.01.22 15:13:26] [INFO] Adatbázis kapcsolat lezárva.
[2026.01.22 15:13:26] [INFO] FBConnectX erőforrások felszabadítva (Dispose).
[2026.01.22 15:13:26] [INFO] Adatbázis kapcsolat sikeresen megnyitva.
[2026.01.22 15:13:26] [INFO] Adatbázis kapcsolat lezárva.
[2026.01.22 15:13:26] [INFO] FBConnectX erőforrások felszabadítva (Dispose).
[2026.01.22 15:14:15] [INFO] Adatbázis kapcsolat sikeresen megnyitva.
[2026.01.22 15:14:15] [INFO] Adatbázis kapcsolat lezárva.
[2026.01.22 15:14:15] [INFO] FBConnectX erőforrások felszabadítva (Dispose).
[2026.01.22 15:14:20] [INFO] Adatbázis kapcsolat sikeresen megnyitva.
[2026.01.22 15:14:20] [INFO] Adatbázis kapcsolat lezárva.
[2026.01.22 15:14:20] [INFO] FBConnectX erőforrások felszabadítva (Dispose).
[2026.01.22 15:14:20] [INFO] Adatbázis kapcsolat sikeresen megnyitva.
[2026.01.22 15:14:20] [INFO] Adatbázis kapcsolat lezárva.
[2026.01.22 15:14:20] [INFO] FBConnectX erőforrások felszabadítva (Dispose).
[2026.01.22 15:14:20] [INFO] Adatbázis kapcsolat sikeresen megnyitva.
[2026.01.22 15:14:20] [INFO] Adatbázis kapcsolat lezárva.
[2026.01.22 15:14:20] [INFO] FBConnectX erőforrások felszabadítva (Dispose).
[2026.01.22 15:14:37] [INFO] Adatbázis kapcsolat lezárva.
[2026.01.22 15:14:37] [INFO] FBConnectX erőforrások felszabadítva (Dispose).
[2026.01.22 15:14:58] [INFO] Adatbázis kapcsolat sikeresen megnyitva.
[2026.01.22 15:14:58] [INFO] SelectSQL_FirstRow sikeres. SQL: select upssw, isadmin from eusers where uname = @uname and uactive='I'
[2026.01.22 15:14:58] [INFO] Sikeres bejelentkezés: fbe
[2026.01.22 15:15:01] [INFO] Adatbázis kapcsolat sikeresen megnyitva.
[2026.01.22 15:15:01] [INFO] Adatbázis kapcsolat lezárva.
[2026.01.22 15:15:01] [INFO] FBConnectX erőforrások felszabadítva (Dispose).
[2026.01.22 15:15:01] [INFO] Adatbázis kapcsolat sikeresen megnyitva.
[2026.01.22 15:15:01] [INFO] Adatbázis kapcsolat lezárva.
[2026.01.22 15:15:01] [INFO] FBConnectX erőforrások felszabadítva (Dispose).
[2026.01.22 15:15:02] [INFO] Adatbázis kapcsolat sikeresen megnyitva.
[2026.01.22 15:15:02] [INFO] Adatbázis kapcsolat lezárva.
[2026.01.22 15:15:02] [INFO] FBConnectX erőforrások felszabadítva (Dispose).
[2026.01.22 15:15:04] [INFO] Adatbázis kapcsolat sikeresen megnyitva.
[2026.01.22 15:15:04] [INFO] Adatbázis kapcsolat lezárva.
[2026.01.22 15:15:04] [INFO] FBConnectX erőforrások felszabadítva (Dispose).
[2026.01.22 15:15:05] [INFO] Adatbázis kapcsolat sikeresen megnyitva.
[2026.01.22 15:15:05] [INFO] Adatbázis kapcsolat lezárva.
[2026.01.22 15:15:05] [INFO] FBConnectX erőforrások felszabadítva (Dispose).
[2026.01.22 15:15:35] [INFO] Adatbázis kapcsolat sikeresen megnyitva.
[2026.01.22 15:15:35] [INFO] Számla mentése indítva. Sorszám: 0122/3
[2026.01.22 15:15:35] [INFO] INSERT sikeres: INSERT INTO INVOICE_HEADERS (ID, CLIENT_ID, INVOICE_NUMBER, ISSUE_DATE, DUE_DATE, CREATED, PAYMENT_METHOD, SZLASTAT, FIZSTAT, STORNO_ID) VALUES (80, 19, '0122/3', '2026-01-22', '2026-01-30', '2026-01-22 15:15:35', 'Készpénz', '1', '0', '0')
[2026.01.22 15:15:35] [INFO] INSERT sikeres: INSERT INTO INVOICE_DETAILS (ID, INVOICEHEADERS_ID, SERVICES_ID, VATRATE_ID, QTY, NET_UNIT_PRICE, VAT_PERCENT, LINE_TOTAL_NET, VAT_AMOUNT, LINE_TOTAL_GROSS) VALUES (83, 80, 10, 5, 1, 5, 20, 5, 1, 6)
[2026.01.22 15:15:35] [INFO] Számla mentése sikeres.
[2026.01.22 15:15:37] [INFO] Adatbázis kapcsolat sikeresen megnyitva.
[2026.01.22 15:15:39] [INFO] Adatbázis kapcsolat lezárva.
[2026.01.22 15:15:39] [INFO] FBConnectX erőforrások felszabadítva (Dispose).
[2026.01.22 15:15:39] [INFO] Adatbázis kapcsolat lezárva.
[2026.01.22 15:15:39] [INFO] FBConnectX erőforrások felszabadítva (Dispose).
[2026.01.22 15:17:16] [INFO] Adatbázis kapcsolat lezárva.
[2026.01.22 15:17:16] [INFO] FBConnectX erőforrások felszabadítva (Dispose).
[2026.01.22 15:17:23] [INFO] Adatbázis kapcsolat sikeresen megnyitva.
[2026.01.22 15:17:23] [INFO] SelectSQL_FirstRow sikeres. SQL: select upssw, isadmin from eusers where uname = @uname and uactive='I'
[2026.01.22 15:17:23] [INFO] Sikeres bejelentkezés: fbe
[2026.01.22 15:17:26] [INFO] Adatbázis kapcsolat sikeresen megnyitva.
[2026.01.22 15:17:26] [INFO] Adatbázis kapcsolat lezárva.
[2026.01.22 15:17:26] [INFO] FBConnectX erőforrások felszabadítva (Dispose).
[2026.01.22 15:17:26] [INFO] Adatbázis kapcsolat sikeresen megnyitva.
[2026.01.22 15:17:26] [INFO] Adatbázis kapcsolat lezárva.
[2026.01.22 15:17:26] [INFO] FBConnectX erőforrások felszabadítva (Dispose).
[2026.01.22 15:17:27] [INFO] Adatbázis kapcsolat sikeresen megnyitva.
[2026.01.22 15:17:27] [INFO] Adatbázis kapcsolat lezárva.
[2026.01.22 15:17:27] [INFO] FBConnectX erőforrások felszabadítva (Dispose).
[2026.01.22 15:17:29] [INFO] Adatbázis kapcsolat sikeresen megnyitva.
[2026.01.22 15:17:29] [INFO] Adatbázis kapcsolat lezárva.
[2026.01.22 15:17:29] [INFO] FBConnectX erőforrások felszabadítva (Dispose).
[2026.01.22 15:17:30] [INFO] Adatbázis kapcsolat sikeresen megnyitva.
[2026.01.22 15:17:30] [INFO] Adatbázis kapcsolat lezárva.
[2026.01.22 15:17:30] [INFO] FBConnectX erőforrások felszabadítva (Dispose).
[2026.01.22 15:17:31] [INFO] Adatbázis kapcsolat sikeresen megnyitva.
[2026.01.22 15:17:31] [INFO] Adatbázis kapcsolat lezárva.
[2026.01.22 15:17:31] [INFO] FBConnectX erőforrások felszabadítva (Dispose).
[2026.01.22 15:17:50] [INFO] Adatbázis kapcsolat sikeresen megnyitva.
[2026.01.22 15:17:50] [INFO] Számla mentése indítva. Sorszám: 0122/4
[2026.01.22 15:17:50] [INFO] INSERT sikeres: INSERT INTO INVOICE_HEADERS (ID, CLIENT_ID, INVOICE_NUMBER, ISSUE_DATE, DUE_DATE, CREATED, PAYMENT_METHOD, SZLASTAT, FIZSTAT, STORNO_ID) VALUES (81, 15, '0122/4', '2026-01-22', '2026-01-30', '2026-01-22 15:17:50', 'Készpénz', '1', '0', '0')
[2026.01.22 15:17:50] [INFO] INSERT sikeres: INSERT INTO INVOICE_DETAILS (ID, INVOICEHEADERS_ID, SERVICES_ID, VATRATE_ID, QTY, NET_UNIT_PRICE, VAT_PERCENT, LINE_TOTAL_NET, VAT_AMOUNT, LINE_TOTAL_GROSS) VALUES (84, 81, 25, 5, 1, 156, 20, 156, 31.2, 187.2)
[2026.01.22 15:17:50] [INFO] Számla mentése sikeres.
[2026.01.22 15:17:52] [INFO] Adatbázis kapcsolat sikeresen megnyitva.
[2026.01.22 15:17:56] [INFO] Adatbázis kapcsolat lezárva.
[2026.01.22 15:17:56] [INFO] FBConnectX erőforrások felszabadítva (Dispose).
[2026.01.22 15:17:56] [INFO] Adatbázis kapcsolat lezárva.
[2026.01.22 15:17:56] [INFO] FBConnectX erőforrások felszabadítva (Dispose).
[2026.01.22 15:18:13] [INFO] Adatbázis kapcsolat lezárva.
[2026.01.22 15:18:13] [INFO] FBConnectX erőforrások felszabadítva (Dispose).
[2026.01.22 15:32:38] [INFO] Adatbázis kapcsolat sikeresen megnyitva.
[2026.01.22 15:32:38] [INFO] SelectSQL_FirstRow sikeres. SQL: select upssw, isadmin from eusers where uname = @uname and uactive='I'
[2026.01.22 15:32:38] [INFO] Sikeres bejelentkezés: fbe
[2026.01.22 15:32:42] [INFO] Adatbázis kapcsolat sikeresen megnyitva.
[2026.01.22 15:32:42] [INFO] Adatbázis kapcsolat lezárva.
[2026.01.22 15:32:42] [INFO] FBConnectX erőforrások felszabadítva (Dispose).
[2026.01.22 15:32:42] [INFO] Adatbázis kapcsolat sikeresen megnyitva.
[2026.01.22 15:32:42] [INFO] Adatbázis kapcsolat lezárva.
[2026.01.22 15:32:42] [INFO] FBConnectX erőforrások felszabadítva (Dispose).
[2026.01.22 15:32:44] [INFO] Adatbázis kapcsolat sikeresen megnyitva.
[2026.01.22 15:32:44] [INFO] Adatbázis kapcsolat lezárva.
[2026.01.22 15:32:44] [INFO] FBConnectX erőforrások felszabadítva (Dispose).
[2026.01.22 15:32:45] [INFO] Adatbázis kapcsolat sikeresen megnyitva.
[2026.01.22 15:32:45] [INFO] Adatbázis kapcsolat lezárva.
[2026.01.22 15:32:45] [INFO] FBConnectX erőforrások felszabadítva (Dispose).
[2026.01.22 15:32:47] [INFO] Adatbázis kapcsolat sikeresen megnyitva.
[2026.01.22 15:32:47] [INFO] Adatbázis kapcsolat lezárva.
[2026.01.22 15:32:47] [INFO] FBConnectX erőforrások felszabadítva (Dispose).
[2026.01.22 15:33:01] [INFO] Adatbázis kapcsolat sikeresen megnyitva.
[2026.01.22 15:33:01] [INFO] Számla mentése indítva. Sorszám: 0122/4
[2026.01.22 15:33:01] [INFO] INSERT sikeres: INSERT INTO INVOICE_HEADERS (ID, CLIENT_ID, INVOICE_NUMBER, ISSUE_DATE, DUE_DATE, CREATED, PAYMENT_METHOD, SZLASTAT, FIZSTAT, STORNO_ID) VALUES (82, 15, '0122/4', '2026-01-22', '2026-01-30', '2026-01-22 15:33:01', 'Készpénz', '1', '0', '0')
[2026.01.22 15:33:01] [INFO] INSERT sikeres: INSERT INTO INVOICE_DETAILS (ID, INVOICEHEADERS_ID, SERVICES_ID, VATRATE_ID, QTY, NET_UNIT_PRICE, VAT_PERCENT, LINE_TOTAL_NET, VAT_AMOUNT, LINE_TOTAL_GROSS) VALUES (85, 82, 25, 5, 1, 156, 20, 156, 31.2, 187.2)
[2026.01.22 15:33:01] [INFO] Számla mentése sikeres.
[2026.01.22 15:33:02] [INFO] Adatbázis kapcsolat sikeresen megnyitva.
[2026.01.22 15:33:09] [INFO] Adatbázis kapcsolat lezárva.
[2026.01.22 15:33:09] [INFO] FBConnectX erőforrások felszabadítva (Dispose).
[2026.01.22 15:33:09] [INFO] Adatbázis kapcsolat lezárva.
[2026.01.22 15:33:09] [INFO] FBConnectX erőforrások felszabadítva (Dispose).
[2026.01.22 16:02:11] [INFO] Adatbázis kapcsolat sikeresen megnyitva.
[2026.01.22 16:02:11] [INFO] SelectSQL_FirstRow sikeres. SQL: select upssw, isadmin from eusers where uname = @uname and uactive='I'
[2026.01.22 16:02:11] [INFO] Sikeres bejelentkezés: fbe
[2026.01.22 16:02:14] [INFO] Adatbázis kapcsolat sikeresen megnyitva.
[2026.01.22 16:02:14] [INFO] Adatbázis kapcsolat lezárva.
[2026.01.22 16:02:14] [INFO] FBConnectX erőforrások felszabadítva (Dispose).
[2026.01.22 16:02:14] [INFO] Adatbázis kapcsolat sikeresen megnyitva.
[2026.01.22 16:02:14] [INFO] Adatbázis kapcsolat lezárva.
[2026.01.22 16:02:14] [INFO] FBConnectX erőforrások felszabadítva (Dispose).
[2026.01.22 16:02:15] [INFO] Adatbázis kapcsolat sikeresen megnyitva.
[2026.01.22 16:02:15] [INFO] Adatbázis kapcsolat lezárva.
[2026.01.22 16:02:15] [INFO] FBConnectX erőforrások felszabadítva (Dispose).
[2026.01.22 16:02:17] [INFO] Adatbázis kapcsolat sikeresen megnyitva.
[2026.01.22 16:02:17] [INFO] Adatbázis kapcsolat lezárva.
[2026.01.22 16:02:17] [INFO] FBConnectX erőforrások felszabadítva (Dispose).
[2026.01.22 16:02:18] [INFO] Adatbázis kapcsolat sikeresen megnyitva.
[2026.01.22 16:02:18] [INFO] Adatbázis kapcsolat lezárva.
[2026.01.22 16:02:18] [INFO] FBConnectX erőforrások felszabadítva (Dispose).
[2026.01.22 16:02:18] [INFO] Adatbázis kapcsolat sikeresen megnyitva.
[2026.01.22 16:02:18] [INFO] Adatbázis kapcsolat lezárva.
[2026.01.22 16:02:18] [INFO] FBConnectX erőforrások felszabadítva (Dispose).
[2026.01.22 16:02:22] [INFO] Adatbázis kapcsolat sikeresen megnyitva.
[2026.01.22 16:02:22] [INFO] Adatbázis kapcsolat lezárva.
[2026.01.22 16:02:22] [INFO] FBConnectX erőforrások felszabadítva (Dispose).
[2026.01.22 16:02:51] [INFO] Adatbázis kapcsolat sikeresen megnyitva.
[2026.01.22 16:02:51] [INFO] Számla mentése indítva. Sorszám: 0122/5
[2026.01.22 16:02:51] [INFO] INSERT sikeres: INSERT INTO INVOICE_HEADERS (ID, CLIENT_ID, INVOICE_NUMBER, ISSUE_DATE, DUE_DATE, CREATED, PAYMENT_METHOD, SZLASTAT, FIZSTAT, STORNO_ID) VALUES (83, 15, '0122/5', '2026-01-22', '2026-01-30', '2026-01-22 16:02:51', 'Készpénz', '1', '0', '0')
[2026.01.22 16:02:51] [INFO] INSERT sikeres: INSERT INTO INVOICE_DETAILS (ID, INVOICEHEADERS_ID, SERVICES_ID, VATRATE_ID, QTY, NET_UNIT_PRICE, VAT_PERCENT, LINE_TOTAL_NET, VAT_AMOUNT, LINE_TOTAL_GROSS) VALUES (86, 83, 25, 5, 1, 156, 20, 156, 31.2, 187.2)
[2026.01.22 16:02:51] [INFO] INSERT sikeres: INSERT INTO INVOICE_DETAILS (ID, INVOICEHEADERS_ID, SERVICES_ID, VATRATE_ID, QTY, NET_UNIT_PRICE, VAT_PERCENT, LINE_TOTAL_NET, VAT_AMOUNT, LINE_TOTAL_GROSS) VALUES (87, 83, 21, 5, 1, 120, 20, 120, 24, 144)
[2026.01.22 16:02:51] [INFO] INSERT sikeres: INSERT INTO INVOICE_DETAILS (ID, INVOICEHEADERS_ID, SERVICES_ID, VATRATE_ID, QTY, NET_UNIT_PRICE, VAT_PERCENT, LINE_TOTAL_NET, VAT_AMOUNT, LINE_TOTAL_GROSS) VALUES (88, 83, 20, 5, 1, 10, 20, 10, 2, 12)
[2026.01.22 16:02:51] [INFO] Számla mentése sikeres.
[2026.01.22 16:02:52] [INFO] Adatbázis kapcsolat sikeresen megnyitva.
[2026.01.22 16:02:56] [INFO] Adatbázis kapcsolat lezárva.
[2026.01.22 16:02:56] [INFO] FBConnectX erőforrások felszabadítva (Dispose).
[2026.01.22 16:02:56] [INFO] Adatbázis kapcsolat lezárva.
[2026.01.22 16:02:56] [INFO] FBConnectX erőforrások felszabadítva (Dispose).
[2026.01.22 16:23:11] [INFO] Adatbázis kapcsolat lezárva.
[2026.01.22 16:23:11] [INFO] FBConnectX erőforrások felszabadítva (Dispose).
[2026.01.22 16:31:28] [INFO] Adatbázis kapcsolat sikeresen megnyitva.
[2026.01.22 16:31:28] [INFO] SelectSQL_FirstRow sikeres. SQL: select upssw, isadmin from eusers where uname = @uname and uactive='I'
[2026.01.22 16:31:28] [INFO] Sikeres bejelentkezés: fbe
[2026.01.22 16:31:30] [INFO] Adatbázis kapcsolat sikeresen megnyitva.
[2026.01.22 16:31:30] [INFO] Adatbázis kapcsolat lezárva.
[2026.01.22 16:31:30] [INFO] FBConnectX erőforrások felszabadítva (Dispose).
[2026.01.22 16:31:30] [INFO] Adatbázis kapcsolat sikeresen megnyitva.
[2026.01.22 16:31:30] [INFO] Adatbázis kapcsolat lezárva.
[2026.01.22 16:31:30] [INFO] FBConnectX erőforrások felszabadítva (Dispose).
[2026.01.22 16:31:31] [INFO] Adatbázis kapcsolat sikeresen megnyitva.
[2026.01.22 16:31:31] [INFO] Adatbázis kapcsolat lezárva.
[2026.01.22 16:31:31] [INFO] FBConnectX erőforrások felszabadítva (Dispose).
[2026.01.22 16:31:33] [INFO] Adatbázis kapcsolat sikeresen megnyitva.
[2026.01.22 16:31:33] [INFO] Adatbázis kapcsolat lezárva.
[2026.01.22 16:31:33] [INFO] FBConnectX erőforrások felszabadítva (Dispose).
[2026.01.22 16:31:34] [INFO] Adatbázis kapcsolat sikeresen megnyitva.
[2026.01.22 16:31:34] [INFO] Adatbázis kapcsolat lezárva.
[2026.01.22 16:31:34] [INFO] FBConnectX erőforrások felszabadítva (Dispose).
[2026.01.22 16:31:44] [INFO] Adatbázis kapcsolat sikeresen megnyitva.
[2026.01.22 16:31:44] [INFO] Számla mentése indítva. Sorszám: 0122/6
[2026.01.22 16:31:44] [INFO] INSERT sikeres: INSERT INTO INVOICE_HEADERS (ID, CLIENT_ID, INVOICE_NUMBER, ISSUE_DATE, DUE_DATE, CREATED, PAYMENT_METHOD, SZLASTAT, FIZSTAT, STORNO_ID) VALUES (84, 17, '0122/6', '2026-01-22', '2026-01-30', '2026-01-22 16:31:44', 'Készpénz', '1', '0', '0')
[2026.01.22 16:31:44] [INFO] INSERT sikeres: INSERT INTO INVOICE_DETAILS (ID, INVOICEHEADERS_ID, SERVICES_ID, VATRATE_ID, QTY, NET_UNIT_PRICE, VAT_PERCENT, LINE_TOTAL_NET, VAT_AMOUNT, LINE_TOTAL_GROSS) VALUES (89, 84, 25, 5, 1, 156, 20, 156, 31.2, 187.2)
[2026.01.22 16:31:44] [INFO] Számla mentése sikeres.
[2026.01.22 16:31:46] [INFO] Adatbázis kapcsolat sikeresen megnyitva.
[2026.01.22 16:31:53] [INFO] Adatbázis kapcsolat lezárva.
[2026.01.22 16:31:53] [INFO] FBConnectX erőforrások felszabadítva (Dispose).
[2026.01.22 16:31:53] [INFO] Adatbázis kapcsolat lezárva.
[2026.01.22 16:31:53] [INFO] FBConnectX erőforrások felszabadítva (Dispose).
[2026.01.22 17:10:02] [INFO] Adatbázis kapcsolat lezárva.
[2026.01.22 17:10:02] [INFO] FBConnectX erőforrások felszabadítva (Dispose).
[2026.01.24 08:01:45] [ERROR] FBConnOpenX - Kapcsolat nyitási hiba: I/O error during "CreateFile (open)" operation for file "C:\PROGRAM FILES (X86)\ECOINV\ECOINV\ECINVFBDB4.FDB"
Error while trying to open file
Stack Trace:    a következő helyen: FirebirdSql.Data.FirebirdClient.FbConnectionInternal.Connect()
   a következő helyen: FirebirdSql.Data.FirebirdClient.FbConnection.Open()
   a következő helyen: Ecoinv.Common.FBConnectX.FBConnOpenX() hely: C:\Users\prozs\source\repos\Ecoinv\Common\FBConnectX.cs, sor: 68
[2026.01.24 08:01:49] [ERROR] FBConnOpenX - Kapcsolat nyitási hiba: I/O error during "CreateFile (open)" operation for file "C:\PROGRAM FILES (X86)\ECOINV\ECOINV\ECINVFBDB4.FDB"
Error while trying to open file
Stack Trace:    a következő helyen: FirebirdSql.Data.FirebirdClient.FbConnectionInternal.Connect()
   a következő helyen: FirebirdSql.Data.FirebirdClient.FbConnection.Open()
   a következő helyen: Ecoinv.Common.FBConnectX.FBConnOpenX() hely: C:\Users\prozs\source\repos\Ecoinv\Common\FBConnectX.cs, sor: 68
[2026.01.24 08:01:51] [ERROR] SelectSQL_FirstRow hiba. SQL: select upssw, isadmin from eusers where uname = @uname and uactive='I': Connection must be valid and open.
Stack Trace:    a következő helyen: FirebirdSql.Data.FirebirdClient.FbConnection.EnsureOpen(FbConnection connection)
   a következő helyen: FirebirdSql.Data.FirebirdClient.FbCommand.CheckCommand()
   a következő helyen: FirebirdSql.Data.FirebirdClient.FbCommand.ExecuteReader(CommandBehavior behavior)
   a következő helyen: FirebirdSql.Data.FirebirdClient.FbCommand.ExecuteReader()
   a következő helyen: Ecoinv.Common.FBConnectX.SelectSQL_FirstRow(String sqlstr, FbParameter[] parameters) hely: C:\Users\prozs\source\repos\Ecoinv\Common\FBConnectX.cs, sor: 161
[2026.01.24 08:01:51] [ERROR] Bejelentkezési adatbázis hiba. User: fbe: Connection must be valid and open.
Stack Trace:    a következő helyen: FirebirdSql.Data.FirebirdClient.FbConnection.EnsureOpen(FbConnection connection)
   a következő helyen: FirebirdSql.Data.FirebirdClient.FbCommand.CheckCommand()
   a következő helyen: FirebirdSql.Data.FirebirdClient.FbCommand.ExecuteReader(CommandBehavior behavior)
   a következő helyen: FirebirdSql.Data.FirebirdClient.FbCommand.ExecuteReader()
   a következő helyen: Ecoinv.Common.FBConnectX.SelectSQL_FirstRow(String sqlstr, FbParameter[] parameters) hely: C:\Users\prozs\source\repos\Ecoinv\Common\FBConnectX.cs, sor: 177
   a következő helyen: Ecoinv.DataContext.LoginFrmDataContext.GetLogin(FBConnectX conn) hely: C:\Users\prozs\source\repos\Ecoinv\DataContext\LoginFrmDataContext.cs, sor: 74
[2026.01.24 08:01:52] [WARNING] Sikertelen bejelentkezési kísérlet: fbe
[2026.01.24 08:01:53] [INFO] FBConnectX erőforrások felszabadítva (Dispose).
[2026.01.24 08:14:19] [INFO] Adatbázis kapcsolat sikeresen megnyitva.
[2026.01.24 08:14:19] [INFO] SelectSQL_FirstRow sikeres. SQL: select upssw, isadmin from eusers where uname = @uname and uactive='I'
[2026.01.24 08:14:19] [INFO] Sikeres bejelentkezés: fbe
[2026.01.24 08:14:25] [INFO] Adatbázis kapcsolat sikeresen megnyitva.
[2026.01.24 08:14:25] [INFO] Adatbázis kapcsolat lezárva.
[2026.01.24 08:14:25] [INFO] FBConnectX erőforrások felszabadítva (Dispose).
[2026.01.24 08:14:25] [INFO] Adatbázis kapcsolat sikeresen megnyitva.
[2026.01.24 08:14:25] [INFO] Adatbázis kapcsolat lezárva.
[2026.01.24 08:14:25] [INFO] FBConnectX erőforrások felszabadítva (Dispose).
[2026.01.24 08:14:35] [INFO] Adatbázis kapcsolat lezárva.
[2026.01.24 08:14:35] [INFO] FBConnectX erőforrások felszabadítva (Dispose).
[2026.01.24 11:18:19] [INFO] Adatbázis kapcsolat sikeresen megnyitva.
[2026.01.24 11:18:19] [INFO] SelectSQL_FirstRow sikeres. SQL: select upssw, isadmin from eusers where uname = @uname and uactive='I'
[2026.01.24 11:18:19] [INFO] Sikeres bejelentkezés: fbe
[2026.01.24 11:18:22] [INFO] Adatbázis kapcsolat sikeresen megnyitva.
[2026.01.24 11:18:22] [INFO] Adatbázis kapcsolat lezárva.
[2026.01.24 11:18:22] [INFO] FBConnectX erőforrások felszabadítva (Dispose).
[2026.01.24 11:30:43] [INFO] Adatbázis kapcsolat sikeresen megnyitva.
[2026.01.24 11:30:43] [INFO] SelectSQL_FirstRow sikeres. SQL: select upssw, isadmin from eusers where uname = @uname and uactive='I'
[2026.01.24 11:30:43] [INFO] Sikeres bejelentkezés: fbe
[2026.01.24 11:30:46] [INFO] Adatbázis kapcsolat sikeresen megnyitva.
[2026.01.24 11:30:46] [INFO] Adatbázis kapcsolat lezárva.
[2026.01.24 11:30:46] [INFO] FBConnectX erőforrások felszabadítva (Dispose).
[2026.01.24 11:31:34] [INFO] Adatbázis kapcsolat sikeresen megnyitva.
[2026.01.24 11:31:35] [INFO] SelectSQL_FirstRow sikeres. SQL: select upssw, isadmin from eusers where uname = @uname and uactive='I'
[2026.01.24 11:31:35] [INFO] Sikeres bejelentkezés: fbe
[2026.01.24 11:31:37] [INFO] Adatbázis kapcsolat sikeresen megnyitva.
[2026.01.24 11:31:37] [INFO] Adatbázis kapcsolat lezárva.
[2026.01.24 11:31:37] [INFO] FBConnectX erőforrások felszabadítva (Dispose).
[2026.01.24 11:32:26] [INFO] Adatbázis kapcsolat sikeresen megnyitva.
[2026.01.24 11:32:26] [INFO] INSERT sikeres: INSERT INTO CLIENTS (ID, NAME, TAX_NUMBER, PHONE, EMAIL, BANKACCOUNT, CACTIVE, COMTAX_NUMBER) VALUES (23, 'Pásztor Zsolt', '123456-1-41', '+36303083017', 'info@pasztorzsolt.hu', '', 'I', '')
[2026.01.24 11:32:26] [INFO] INSERT sikeres: INSERT INTO ADRESSES (ID, CLIENT_ID, CITY, ADDRESS, ATYPE, AACTIVE, POSTALCODE) VALUES (28, 23, 'Rákóczibánya', 'Újélet út 19.', '1', 'I', 3151)
[2026.01.24 11:32:27] [INFO] Adatbázis kapcsolat sikeresen megnyitva.
[2026.01.24 11:32:27] [INFO] Adatbázis kapcsolat lezárva.
[2026.01.24 11:32:27] [INFO] FBConnectX erőforrások felszabadítva (Dispose).
[2026.01.24 11:32:27] [INFO] Adatbázis kapcsolat sikeresen megnyitva.
[2026.01.24 11:32:27] [INFO] Adatbázis kapcsolat lezárva.
[2026.01.24 11:32:27] [INFO] FBConnectX erőforrások felszabadítva (Dispose).
[2026.01.24 11:32:27] [INFO] Adatbázis kapcsolat lezárva.
[2026.01.24 11:32:27] [INFO] FBConnectX erőforrások felszabadítva (Dispose).
[2026.01.24 11:32:42] [INFO] Adatbázis kapcsolat lezárva.
[2026.01.24 11:32:42] [INFO] FBConnectX erőforrások felszabadítva (Dispose).
[2026.01.24 11:32:49] [INFO] Adatbázis kapcsolat sikeresen megnyitva.
[2026.01.24 11:32:49] [INFO] SelectSQL_FirstRow sikeres. SQL: select upssw, isadmin from eusers where uname = @uname and uactive='I'
[2026.01.24 11:32:49] [INFO] Sikeres bejelentkezés: fbe
[2026.01.24 11:32:53] [INFO] Adatbázis kapcsolat sikeresen megnyitva.
[2026.01.24 11:32:53] [INFO] Adatbázis kapcsolat lezárva.
[2026.01.24 11:32:53] [INFO] FBConnectX erőforrások felszabadítva (Dispose).
[2026.01.24 11:32:53] [INFO] Adatbázis kapcsolat sikeresen megnyitva.
[2026.01.24 11:32:53] [INFO] Adatbázis kapcsolat lezárva.
[2026.01.24 11:32:53] [INFO] FBConnectX erőforrások felszabadítva (Dispose).
[2026.01.24 11:33:39] [INFO] Adatbázis kapcsolat sikeresen megnyitva.
[2026.01.24 11:33:39] [INFO] Adatbázis kapcsolat lezárva.
[2026.01.24 11:33:39] [INFO] FBConnectX erőforrások felszabadítva (Dispose).
[2026.01.24 11:33:57] [INFO] Adatbázis kapcsolat sikeresen megnyitva.
[2026.01.24 11:33:57] [INFO] SelectSQL_FirstRow sikeres. SQL: select upssw, isadmin from eusers where uname = @uname and uactive='I'
[2026.01.24 11:33:57] [INFO] Sikeres bejelentkezés: fbe
[2026.01.24 11:34:06] [INFO] Adatbázis kapcsolat sikeresen megnyitva.
[2026.01.24 11:34:06] [INFO] Adatbázis kapcsolat lezárva.
[2026.01.24 11:34:06] [INFO] FBConnectX erőforrások felszabadítva (Dispose).
[2026.01.24 11:34:16] [INFO] Adatbázis kapcsolat sikeresen megnyitva.
[2026.01.24 11:34:16] [INFO] SelectSQL_FirstRow sikeres. SQL: select upssw, isadmin from eusers where uname = @uname and uactive='I'
[2026.01.24 11:34:16] [INFO] Sikeres bejelentkezés: fbe
[2026.01.24 11:35:04] [INFO] Adatbázis kapcsolat lezárva.
[2026.01.24 11:35:04] [INFO] FBConnectX erőforrások felszabadítva (Dispose).
[2026.01.24 11:43:58] [INFO] Adatbázis kapcsolat sikeresen megnyitva.
[2026.01.24 11:43:58] [INFO] SelectSQL_FirstRow sikeres. SQL: select upssw, isadmin from eusers where uname = @uname and uactive='I'
[2026.01.24 11:43:58] [INFO] Sikeres bejelentkezés: fbe
[2026.01.24 11:44:01] [INFO] Adatbázis kapcsolat sikeresen megnyitva.
[2026.01.24 11:44:01] [INFO] Adatbázis kapcsolat lezárva.
[2026.01.24 11:44:01] [INFO] FBConnectX erőforrások felszabadítva (Dispose).
[2026.01.24 11:48:15] [INFO] Adatbázis kapcsolat sikeresen megnyitva.
[2026.01.24 11:48:16] [INFO] SelectSQL_FirstRow sikeres. SQL: select upssw, isadmin from eusers where uname = @uname and uactive='I'
[2026.01.24 11:48:16] [INFO] Sikeres bejelentkezés: fbe
[2026.01.24 11:48:17] [INFO] Adatbázis kapcsolat sikeresen megnyitva.
[2026.01.24 11:48:17] [INFO] Adatbázis kapcsolat lezárva.
[2026.01.24 11:48:17] [INFO] FBConnectX erőforrások felszabadítva (Dispose).
[2026.01.24 11:48:34] [INFO] Adatbázis kapcsolat sikeresen megnyitva.
[2026.01.24 11:48:34] [INFO] SelectSQL_FirstRow sikeres. SQL: select upssw, isadmin from eusers where uname = @uname and uactive='I'
[2026.01.24 11:48:34] [INFO] Sikeres bejelentkezés: fbe
[2026.01.24 11:48:35] [INFO] Adatbázis kapcsolat sikeresen megnyitva.
[2026.01.24 11:48:35] [INFO] Adatbázis kapcsolat lezárva.
[2026.01.24 11:48:35] [INFO] FBConnectX erőforrások felszabadítva (Dispose).
[2026.01.24 12:00:38] [INFO] Adatbázis kapcsolat sikeresen megnyitva.
[2026.01.24 12:00:38] [INFO] SelectSQL_FirstRow sikeres. SQL: select upssw, isadmin from eusers where uname = @uname and uactive='I'
[2026.01.24 12:00:38] [INFO] Sikeres bejelentkezés: fbe
[2026.01.24 12:00:39] [INFO] Adatbázis kapcsolat sikeresen megnyitva.
[2026.01.24 12:00:39] [INFO] Adatbázis kapcsolat lezárva.
[2026.01.24 12:00:39] [INFO] FBConnectX erőforrások felszabadítva (Dispose).
[2026.01.24 12:09:16] [INFO] Adatbázis kapcsolat sikeresen megnyitva.
[2026.01.24 12:09:16] [INFO] SelectSQL_FirstRow sikeres. SQL: select upssw, isadmin from eusers where uname = @uname and uactive='I'
[2026.01.24 12:09:16] [INFO] Sikeres bejelentkezés: fbe
[2026.01.24 12:09:18] [INFO] Adatbázis kapcsolat sikeresen megnyitva.
[2026.01.24 12:09:18] [INFO] Adatbázis kapcsolat lezárva.
[2026.01.24 12:09:18] [INFO] FBConnectX erőforrások felszabadítva (Dispose).
[2026.01.24 12:09:28] [INFO] Adatbázis kapcsolat sikeresen megnyitva.
[2026.01.24 12:09:28] [INFO] SelectSQL_FirstRow sikeres. SQL: select upssw, isadmin from eusers where uname = @uname and uactive='I'
[2026.01.24 12:09:28] [INFO] Sikeres bejelentkezés: fbe
[2026.01.24 12:09:29] [INFO] Adatbázis kapcsolat sikeresen megnyitva.
[2026.01.24 12:09:29] [INFO] Adatbázis kapcsolat lezárva.
[2026.01.24 12:09:29] [INFO] FBConnectX erőforrások felszabadítva (Dispose).
[2026.01.24 14:26:00] [INFO] Adatbázis kapcsolat sikeresen megnyitva.
[2026.01.24 14:26:00] [INFO] SelectSQL_FirstRow sikeres. SQL: select upssw, isadmin from eusers where uname = @uname and uactive='I'
[2026.01.24 14:26:00] [INFO] Sikeres bejelentkezés: fbe
[2026.01.24 14:26:01] [INFO] Adatbázis kapcsolat sikeresen megnyitva.
[2026.01.24 14:26:01] [INFO] Adatbázis kapcsolat lezárva.
[2026.01.24 14:26:01] [INFO] FBConnectX erőforrások felszabadítva (Dispose).
[2026.01.24 14:26:19] [INFO] Adatbázis kapcsolat sikeresen megnyitva.
[2026.01.24 14:26:19] [INFO] Adatbázis kapcsolat lezárva.
[2026.01.24 14:26:19] [INFO] FBConnectX erőforrások felszabadítva (Dispose).
[2026.01.24 14:26:38] [INFO] Adatbázis kapcsolat sikeresen megnyitva.
[2026.01.24 14:26:38] [INFO] INSERT sikeres: INSERT INTO VATRATES (ID, NAME, RATES, VACTIVE) VALUES (8, '20%', 20, '1')
[2026.01.24 14:26:40] [INFO] Adatbázis kapcsolat sikeresen megnyitva.
[2026.01.24 14:26:40] [INFO] Adatbázis kapcsolat lezárva.
[2026.01.24 14:26:40] [INFO] FBConnectX erőforrások felszabadítva (Dispose).
[2026.01.24 14:26:40] [INFO] Adatbázis kapcsolat lezárva.
[2026.01.24 14:26:40] [INFO] FBConnectX erőforrások felszabadítva (Dispose).
[2026.01.24 14:26:46] [INFO] Adatbázis kapcsolat sikeresen megnyitva.
[2026.01.24 14:26:46] [INFO] UPDATE sikeres: UPDATE VATRATES SET NAME='20%', RATES=20, VACTIVE='I' WHERE ID=8
[2026.01.24 14:26:47] [INFO] Adatbázis kapcsolat sikeresen megnyitva.
[2026.01.24 14:26:47] [INFO] Adatbázis kapcsolat lezárva.
[2026.01.24 14:26:47] [INFO] FBConnectX erőforrások felszabadítva (Dispose).
[2026.01.24 14:26:47] [INFO] Adatbázis kapcsolat lezárva.
[2026.01.24 14:26:47] [INFO] FBConnectX erőforrások felszabadítva (Dispose).
[2026.01.24 14:26:54] [INFO] Adatbázis kapcsolat sikeresen megnyitva.
[2026.01.24 14:26:54] [INFO] Adatbázis kapcsolat lezárva.
[2026.01.24 14:26:54] [INFO] FBConnectX erőforrások felszabadítva (Dispose).
[2026.01.24 14:26:54] [INFO] Adatbázis kapcsolat sikeresen megnyitva.
[2026.01.24 14:26:54] [INFO] Adatbázis kapcsolat lezárva.
[2026.01.24 14:26:54] [INFO] FBConnectX erőforrások felszabadítva (Dispose).
[2026.01.24 14:27:29] [INFO] Adatbázis kapcsolat sikeresen megnyitva.
[2026.01.24 14:27:29] [INFO] Adatbázis kapcsolat lezárva.
[2026.01.24 14:27:29] [INFO] FBConnectX erőforrások felszabadítva (Dispose).
[2026.01.24 14:27:35] [INFO] Adatbázis kapcsolat sikeresen megnyitva.
[2026.01.24 14:27:35] [INFO] Adatbázis kapcsolat lezárva.
[2026.01.24 14:27:35] [INFO] FBConnectX erőforrások felszabadítva (Dispose).
[2026.01.24 14:27:35] [INFO] Adatbázis kapcsolat sikeresen megnyitva.
[2026.01.24 14:27:35] [INFO] Adatbázis kapcsolat lezárva.
[2026.01.24 14:27:35] [INFO] FBConnectX erőforrások felszabadítva (Dispose).
[2026.01.24 14:27:36] [INFO] Adatbázis kapcsolat sikeresen megnyitva.
[2026.01.24 14:27:36] [INFO] Adatbázis kapcsolat lezárva.
[2026.01.24 14:27:36] [INFO] FBConnectX erőforrások felszabadítva (Dispose).
[2026.01.24 14:27:38] [INFO] Adatbázis kapcsolat sikeresen megnyitva.
[2026.01.24 14:27:38] [INFO] Adatbázis kapcsolat lezárva.
[2026.01.24 14:27:38] [INFO] FBConnectX erőforrások felszabadítva (Dispose).
[2026.01.24 14:27:40] [INFO] Adatbázis kapcsolat sikeresen megnyitva.
[2026.01.24 14:27:40] [INFO] Adatbázis kapcsolat lezárva.
[2026.01.24 14:27:40] [INFO] FBConnectX erőforrások felszabadítva (Dispose).
[2026.01.24 14:28:03] [INFO] Adatbázis kapcsolat sikeresen megnyitva.
[2026.01.24 14:28:03] [INFO] Adatbázis kapcsolat lezárva.
[2026.01.24 14:28:03] [INFO] FBConnectX erőforrások felszabadítva (Dispose).
[2026.01.24 14:28:03] [INFO] Adatbázis kapcsolat sikeresen megnyitva.
[2026.01.24 14:28:03] [INFO] Adatbázis kapcsolat lezárva.
[2026.01.24 14:28:03] [INFO] FBConnectX erőforrások felszabadítva (Dispose).
[2026.01.24 14:28:06] [INFO] Adatbázis kapcsolat sikeresen megnyitva.
[2026.01.24 14:28:06] [INFO] Adatbázis kapcsolat lezárva.
[2026.01.24 14:28:06] [INFO] FBConnectX erőforrások felszabadítva (Dispose).
[2026.01.24 14:29:51] [INFO] Adatbázis kapcsolat lezárva.
[2026.01.24 14:29:51] [INFO] FBConnectX erőforrások felszabadítva (Dispose).
[2026.01.24 14:29:58] [INFO] Adatbázis kapcsolat sikeresen megnyitva.
[2026.01.24 14:29:58] [INFO] SelectSQL_FirstRow sikeres. SQL: select upssw, isadmin from eusers where uname = @uname and uactive='I'
[2026.01.24 14:29:58] [INFO] Sikeres bejelentkezés: fbe
[2026.01.24 14:30:01] [INFO] Adatbázis kapcsolat sikeresen megnyitva.
[2026.01.24 14:30:01] [INFO] Adatbázis kapcsolat lezárva.
[2026.01.24 14:30:01] [INFO] FBConnectX erőforrások felszabadítva (Dispose).
[2026.01.24 14:30:01] [INFO] Adatbázis kapcsolat sikeresen megnyitva.
[2026.01.24 14:30:01] [INFO] Adatbázis kapcsolat lezárva.
[2026.01.24 14:30:01] [INFO] FBConnectX erőforrások felszabadítva (Dispose).
[2026.01.24 14:30:21] [INFO] Adatbázis kapcsolat sikeresen megnyitva.
[2026.01.24 14:30:21] [INFO] Adatbázis kapcsolat lezárva.
[2026.01.24 14:30:21] [INFO] FBConnectX erőforrások felszabadítva (Dispose).
[2026.01.24 14:30:38] [INFO] Adatbázis kapcsolat sikeresen megnyitva.
[2026.01.24 14:30:38] [INFO] Adatbázis kapcsolat lezárva.
[2026.01.24 14:30:38] [INFO] FBConnectX erőforrások felszabadítva (Dispose).
[2026.01.24 14:30:38] [INFO] Adatbázis kapcsolat sikeresen megnyitva.
[2026.01.24 14:30:38] [INFO] Adatbázis kapcsolat lezárva.
[2026.01.24 14:30:38] [INFO] FBConnectX erőforrások felszabadítva (Dispose).
[2026.01.24 14:31:18] [INFO] Adatbázis kapcsolat sikeresen megnyitva.
[2026.01.24 14:31:18] [INFO] Adatbázis kapcsolat lezárva.
[2026.01.24 14:31:18] [INFO] FBConnectX erőforrások felszabadítva (Dispose).
[2026.01.24 14:31:28] [INFO] Adatbázis kapcsolat sikeresen megnyitva.
[2026.01.24 14:31:28] [INFO] Adatbázis kapcsolat lezárva.
[2026.01.24 14:31:28] [INFO] FBConnectX erőforrások felszabadítva (Dispose).
[2026.01.24 14:31:28] [INFO] Adatbázis kapcsolat sikeresen megnyitva.
[2026.01.24 14:31:28] [INFO] Adatbázis kapcsolat lezárva.
[2026.01.24 14:31:28] [INFO] FBConnectX erőforrások felszabadítva (Dispose).
[2026.01.24 14:36:13] [INFO] Adatbázis kapcsolat lezárva.
[2026.01.24 14:36:13] [INFO] FBConnectX erőforrások felszabadítva (Dispose).
[2026.01.24 14:38:40] [INFO] Adatbázis kapcsolat sikeresen megnyitva.
[2026.01.24 14:38:40] [INFO] SelectSQL_FirstRow sikeres. SQL: select upssw, isadmin from eusers where uname = @uname and uactive='I'
[2026.01.24 14:38:40] [INFO] Sikeres bejelentkezés: fbe
[2026.01.24 14:38:43] [INFO] Adatbázis kapcsolat sikeresen megnyitva.
[2026.01.24 14:38:43] [INFO] Adatbázis kapcsolat lezárva.
[2026.01.24 14:38:43] [INFO] FBConnectX erőforrások felszabadítva (Dispose).
[2026.01.24 14:39:35] [INFO] Adatbázis kapcsolat sikeresen megnyitva.
[2026.01.24 14:39:35] [INFO] INSERT sikeres: INSERT INTO services (id, name, description, netprice, grossprice, vatrate_id, sactive) VALUES (28, 'Utiköltség (KM)', 'Utiköltség KM díjazással.', 11, 13, 8, 'I')
[2026.01.24 14:39:36] [INFO] Adatbázis kapcsolat sikeresen megnyitva.
[2026.01.24 14:39:36] [INFO] Adatbázis kapcsolat lezárva.
[2026.01.24 14:39:36] [INFO] FBConnectX erőforrások felszabadítva (Dispose).
[2026.01.24 14:39:36] [INFO] Adatbázis kapcsolat lezárva.
[2026.01.24 14:39:36] [INFO] FBConnectX erőforrások felszabadítva (Dispose).
[2026.01.24 14:39:45] [INFO] Adatbázis kapcsolat sikeresen megnyitva.
[2026.01.24 14:39:45] [INFO] UPDATE sikeres: UPDATE services SET name='Utiköltség (KM)', description='Utiköltség KM díjazással.', netprice=11, grossprice=13, vatrate_id=8, sactive='I' WHERE id=28
[2026.01.24 14:39:46] [INFO] Adatbázis kapcsolat sikeresen megnyitva.
[2026.01.24 14:39:46] [INFO] Adatbázis kapcsolat lezárva.
[2026.01.24 14:39:46] [INFO] FBConnectX erőforrások felszabadítva (Dispose).
[2026.01.24 14:46:06] [INFO] Adatbázis kapcsolat sikeresen megnyitva.
[2026.01.24 14:46:07] [INFO] SelectSQL_FirstRow sikeres. SQL: select upssw, isadmin from eusers where uname = @uname and uactive='I'
[2026.01.24 14:46:07] [INFO] Sikeres bejelentkezés: fbe
[2026.01.24 14:46:12] [INFO] Adatbázis kapcsolat sikeresen megnyitva.
[2026.01.24 14:46:12] [INFO] Adatbázis kapcsolat lezárva.
[2026.01.24 14:46:12] [INFO] FBConnectX erőforrások felszabadítva (Dispose).
[2026.01.24 14:46:27] [INFO] Adatbázis kapcsolat sikeresen megnyitva.
[2026.01.24 14:46:27] [INFO] UPDATE sikeres: UPDATE services SET name='Utiköltség (KM).', description='Utiköltség KM díjazással.', netprice=11, grossprice=13, vatrate_id=8, sactive='I' WHERE id=28
[2026.01.24 14:46:28] [INFO] Adatbázis kapcsolat sikeresen megnyitva.
[2026.01.24 14:46:28] [INFO] Adatbázis kapcsolat lezárva.
[2026.01.24 14:46:28] [INFO] FBConnectX erőforrások felszabadítva (Dispose).
[2026.01.24 14:46:52] [INFO] Adatbázis kapcsolat sikeresen megnyitva.
[2026.01.24 14:46:52] [INFO] SelectSQL_FirstRow sikeres. SQL: select upssw, isadmin from eusers where uname = @uname and uactive='I'
[2026.01.24 14:46:52] [INFO] Sikeres bejelentkezés: fbe
[2026.01.24 14:46:54] [INFO] Adatbázis kapcsolat sikeresen megnyitva.
[2026.01.24 14:46:54] [INFO] Adatbázis kapcsolat lezárva.
[2026.01.24 14:46:54] [INFO] FBConnectX erőforrások felszabadítva (Dispose).
[2026.01.24 14:46:58] [INFO] Adatbázis kapcsolat sikeresen megnyitva.
[2026.01.24 14:46:58] [INFO] UPDATE sikeres: UPDATE services SET name='Utiköltség (KM).', description='Utiköltség KM díjazással.', netprice=11, grossprice=13, vatrate_id=8, sactive='I' WHERE id=28
[2026.01.24 14:47:00] [INFO] Adatbázis kapcsolat sikeresen megnyitva.
[2026.01.24 14:47:00] [INFO] Adatbázis kapcsolat lezárva.
[2026.01.24 14:47:00] [INFO] FBConnectX erőforrások felszabadítva (Dispose).
[2026.01.24 14:53:04] [INFO] Adatbázis kapcsolat sikeresen megnyitva.
[2026.01.24 14:53:04] [INFO] SelectSQL_FirstRow sikeres. SQL: select upssw, isadmin from eusers where uname = @uname and uactive='I'
[2026.01.24 14:53:04] [INFO] Sikeres bejelentkezés: fbe
[2026.01.24 14:53:06] [INFO] Adatbázis kapcsolat sikeresen megnyitva.
[2026.01.24 14:53:06] [INFO] Adatbázis kapcsolat lezárva.
[2026.01.24 14:53:06] [INFO] FBConnectX erőforrások felszabadítva (Dispose).
[2026.01.24 14:53:14] [INFO] Adatbázis kapcsolat sikeresen megnyitva.
[2026.01.24 14:53:14] [INFO] UPDATE sikeres: UPDATE services SET name='Utiköltség (KM)', description='Utiköltség KM díjazással.', netprice=11, grossprice=13, vatrate_id=8, sactive='I' WHERE id=28
[2026.01.24 14:53:15] [INFO] Adatbázis kapcsolat sikeresen megnyitva.
[2026.01.24 14:53:15] [INFO] Adatbázis kapcsolat lezárva.
[2026.01.24 14:53:15] [INFO] FBConnectX erőforrások felszabadítva (Dispose).
[2026.01.24 14:53:15] [INFO] Adatbázis kapcsolat lezárva.
[2026.01.24 14:53:15] [INFO] FBConnectX erőforrások felszabadítva (Dispose).
[2026.01.24 14:54:02] [INFO] Adatbázis kapcsolat sikeresen megnyitva.
[2026.01.24 14:54:02] [INFO] INSERT sikeres: INSERT INTO services (id, name, description, netprice, grossprice, vatrate_id, sactive) VALUES (29, 'Adóbevallás elkészítése', 'Adóbevallás elkészítése I. negyedévre.', 167, 200, 8, 'I')
[2026.01.24 14:54:04] [INFO] Adatbázis kapcsolat sikeresen megnyitva.
[2026.01.24 14:54:04] [INFO] Adatbázis kapcsolat lezárva.
[2026.01.24 14:54:04] [INFO] FBConnectX erőforrások felszabadítva (Dispose).
[2026.01.24 14:54:04] [INFO] Adatbázis kapcsolat lezárva.
[2026.01.24 14:54:04] [INFO] FBConnectX erőforrások felszabadítva (Dispose).
[2026.01.24 14:54:11] [INFO] Adatbázis kapcsolat sikeresen megnyitva.
[2026.01.24 14:54:11] [INFO] Adatbázis kapcsolat lezárva.
[2026.01.24 14:54:11] [INFO] FBConnectX erőforrások felszabadítva (Dispose).
[2026.01.24 14:54:11] [INFO] Adatbázis kapcsolat sikeresen megnyitva.
[2026.01.24 14:54:11] [INFO] Adatbázis kapcsolat lezárva.
[2026.01.24 14:54:11] [INFO] FBConnectX erőforrások felszabadítva (Dispose).
[2026.01.24 14:54:12] [INFO] Adatbázis kapcsolat sikeresen megnyitva.
[2026.01.24 14:54:12] [INFO] Adatbázis kapcsolat lezárva.
[2026.01.24 14:54:12] [INFO] FBConnectX erőforrások felszabadítva (Dispose).
[2026.01.24 14:54:13] [INFO] Adatbázis kapcsolat sikeresen megnyitva.
[2026.01.24 14:54:13] [INFO] Adatbázis kapcsolat lezárva.
[2026.01.24 14:54:13] [INFO] FBConnectX erőforrások felszabadítva (Dispose).
[2026.01.24 14:54:15] [INFO] Adatbázis kapcsolat sikeresen megnyitva.
[2026.01.24 14:54:15] [INFO] Adatbázis kapcsolat lezárva.
[2026.01.24 14:54:15] [INFO] FBConnectX erőforrások felszabadítva (Dispose).
[2026.01.24 14:55:01] [INFO] Adatbázis kapcsolat sikeresen megnyitva.
[2026.01.24 14:55:01] [INFO] Számla mentése indítva. Sorszám: 0124/002
[2026.01.24 14:55:01] [INFO] INSERT sikeres: INSERT INTO INVOICE_HEADERS (ID, CLIENT_ID, INVOICE_NUMBER, ISSUE_DATE, DUE_DATE, CREATED, PAYMENT_METHOD, SZLASTAT, FIZSTAT, STORNO_ID) VALUES (85, 23, '0124/002', '2026-01-24', '2026-01-24', '2026-01-24 14:55:01', 'Készpénz', '1', '0', '0')
[2026.01.24 14:55:01] [INFO] INSERT sikeres: INSERT INTO INVOICE_DETAILS (ID, INVOICEHEADERS_ID, SERVICES_ID, VATRATE_ID, QTY, NET_UNIT_PRICE, VAT_PERCENT, LINE_TOTAL_NET, VAT_AMOUNT, LINE_TOTAL_GROSS) VALUES (90, 85, 29, 8, 1, 167, 20, 167, 33.4, 200.4)
[2026.01.24 14:55:01] [INFO] INSERT sikeres: INSERT INTO INVOICE_DETAILS (ID, INVOICEHEADERS_ID, SERVICES_ID, VATRATE_ID, QTY, NET_UNIT_PRICE, VAT_PERCENT, LINE_TOTAL_NET, VAT_AMOUNT, LINE_TOTAL_GROSS) VALUES (91, 85, 28, 8, 35, 11, 20, 385, 77, 462)
[2026.01.24 14:55:01] [INFO] Számla mentése sikeres.
[2026.01.24 14:55:03] [INFO] Adatbázis kapcsolat sikeresen megnyitva.
[2026.01.24 14:55:29] [INFO] Adatbázis kapcsolat lezárva.
[2026.01.24 14:55:29] [INFO] FBConnectX erőforrások felszabadítva (Dispose).
[2026.01.24 14:55:29] [INFO] Adatbázis kapcsolat lezárva.
[2026.01.24 14:55:29] [INFO] FBConnectX erőforrások felszabadítva (Dispose).
[2026.01.24 14:55:53] [INFO] Adatbázis kapcsolat sikeresen megnyitva.
[2026.01.24 14:55:53] [INFO] Adatbázis kapcsolat lezárva.
[2026.01.24 14:55:53] [INFO] FBConnectX erőforrások felszabadítva (Dispose).
[2026.01.24 14:56:02] [INFO] Adatbázis kapcsolat sikeresen megnyitva.
[2026.01.24 14:56:04] [INFO] Adatbázis kapcsolat lezárva.
[2026.01.24 14:56:04] [INFO] FBConnectX erőforrások felszabadítva (Dispose).
[2026.01.24 14:56:05] [INFO] Adatbázis kapcsolat sikeresen megnyitva.
[2026.01.24 14:56:05] [INFO] Adatbázis kapcsolat lezárva.
[2026.01.24 14:56:05] [INFO] FBConnectX erőforrások felszabadítva (Dispose).
[2026.01.24 14:56:07] [INFO] Adatbázis kapcsolat sikeresen megnyitva.
[2026.01.24 14:56:08] [INFO] Adatbázis kapcsolat lezárva.
[2026.01.24 14:56:08] [INFO] FBConnectX erőforrások felszabadítva (Dispose).
[2026.01.24 14:56:10] [INFO] Adatbázis kapcsolat sikeresen megnyitva.
[2026.01.24 14:56:10] [INFO] Adatbázis kapcsolat lezárva.
[2026.01.24 14:56:10] [INFO] FBConnectX erőforrások felszabadítva (Dispose).
[2026.01.24 14:56:15] [INFO] Adatbázis kapcsolat sikeresen megnyitva.
[2026.01.24 14:56:15] [INFO] Sztornózás indítása. Eredeti ID: 85
[2026.01.24 14:56:15] [INFO] UPDATE sikeres: UPDATE INVOICE_HEADERS SET SZLASTAT = '2' WHERE ID = 85
[2026.01.24 14:56:15] [INFO] INSERT sikeres: INSERT INTO INVOICE_HEADERS (ID, CLIENT_ID, INVOICE_NUMBER, ISSUE_DATE, DUE_DATE, CREATED, PAYMENT_METHOD, SZLASTAT, FIZSTAT, STORNO_ID) VALUES (86, 23, 'ST-0124/002', '2026-01-24', '2026-01-24', '2026-01-24 14:56:15', 'Készpénz', '2', '1', '85')
[2026.01.24 14:56:15] [INFO] INSERT sikeres: INSERT INTO INVOICE_DETAILS (ID, INVOICEHEADERS_ID, SERVICES_ID, VATRATE_ID, QTY, NET_UNIT_PRICE, VAT_PERCENT, LINE_TOTAL_NET, VAT_AMOUNT, LINE_TOTAL_GROSS) VALUES (92, 86, 29, 8, 1, 167, 20, 167, 33.4, 200.4)
[2026.01.24 14:56:15] [INFO] INSERT sikeres: INSERT INTO INVOICE_DETAILS (ID, INVOICEHEADERS_ID, SERVICES_ID, VATRATE_ID, QTY, NET_UNIT_PRICE, VAT_PERCENT, LINE_TOTAL_NET, VAT_AMOUNT, LINE_TOTAL_GROSS) VALUES (93, 86, 28, 8, 35, 11, 20, 385, 77, 462)
[2026.01.24 14:56:15] [INFO] Adatbázis kapcsolat sikeresen megnyitva.
[2026.01.24 14:56:15] [INFO] Adatbázis kapcsolat lezárva.
[2026.01.24 14:56:15] [INFO] FBConnectX erőforrások felszabadítva (Dispose).
[2026.01.24 14:56:16] [INFO] Adatbázis kapcsolat sikeresen megnyitva.
[2026.01.24 14:56:20] [INFO] Adatbázis kapcsolat lezárva.
[2026.01.24 14:56:20] [INFO] FBConnectX erőforrások felszabadítva (Dispose).
[2026.01.24 14:56:20] [INFO] Adatbázis kapcsolat lezárva.
[2026.01.24 14:56:20] [INFO] FBConnectX erőforrások felszabadítva (Dispose).
[2026.01.24 14:56:29] [INFO] Adatbázis kapcsolat sikeresen megnyitva.
[2026.01.24 14:56:29] [INFO] Adatbázis kapcsolat lezárva.
[2026.01.24 14:56:29] [INFO] FBConnectX erőforrások felszabadítva (Dispose).
[2026.01.24 14:57:12] [INFO] Adatbázis kapcsolat sikeresen megnyitva.
[2026.01.24 14:57:12] [INFO] INSERT sikeres: INSERT INTO EUSERS (ID, UNAME, UPSSW, UACTIVE, ISADMIN, FULNAME) VALUES (22, 'pzs', '3389DAE361AF79B04C9C8E7057F60CC6', 'I', 'N', 'Pásztor Zsolt')
[2026.01.24 14:57:13] [INFO] Adatbázis kapcsolat sikeresen megnyitva.
[2026.01.24 14:57:13] [INFO] Adatbázis kapcsolat lezárva.
[2026.01.24 14:57:13] [INFO] FBConnectX erőforrások felszabadítva (Dispose).
[2026.01.24 14:57:13] [INFO] Adatbázis kapcsolat lezárva.
[2026.01.24 14:57:13] [INFO] FBConnectX erőforrások felszabadítva (Dispose).
[2026.01.24 14:57:18] [INFO] Adatbázis kapcsolat lezárva.
[2026.01.24 14:57:18] [INFO] FBConnectX erőforrások felszabadítva (Dispose).
[2026.01.24 14:57:25] [INFO] Adatbázis kapcsolat sikeresen megnyitva.
[2026.01.24 14:57:25] [INFO] SelectSQL_FirstRow sikeres. SQL: select upssw, isadmin from eusers where uname = @uname and uactive='I'
[2026.01.24 14:57:25] [INFO] Sikeres bejelentkezés: pzs
[2026.01.24 14:57:27] [INFO] Adatbázis kapcsolat sikeresen megnyitva.
[2026.01.24 14:57:27] [INFO] Adatbázis kapcsolat lezárva.
[2026.01.24 14:57:27] [INFO] FBConnectX erőforrások felszabadítva (Dispose).
[2026.01.24 14:57:27] [INFO] Adatbázis kapcsolat sikeresen megnyitva.
[2026.01.24 14:57:27] [INFO] Adatbázis kapcsolat lezárva.
[2026.01.24 14:57:27] [INFO] FBConnectX erőforrások felszabadítva (Dispose).
[2026.01.24 14:57:34] [INFO] Adatbázis kapcsolat lezárva.
[2026.01.24 14:57:34] [INFO] FBConnectX erőforrások felszabadítva (Dispose).
